Archive member included to satisfy reference by file (symbol)

C:/Users/nicek/STM32Cube/Repository/Packs/STMicroelectronics/X-CUBE-ALGOBUILD/1.4.0/Middlewares/Third_Party/ARM/DSP/Lib\libarm_ARMv8MMLlfsp_math.a(arm_rfft_fast_init_f32.o)
                              ./Core/Src/main.o (arm_rfft_fast_init_f32)
C:/Users/nicek/STM32Cube/Repository/Packs/STMicroelectronics/X-CUBE-ALGOBUILD/1.4.0/Middlewares/Third_Party/ARM/DSP/Lib\libarm_ARMv8MMLlfsp_math.a(arm_rfft_fast_f32.o)
                              ./Core/Src/fft.o (arm_rfft_fast_f32)
C:/Users/nicek/STM32Cube/Repository/Packs/STMicroelectronics/X-CUBE-ALGOBUILD/1.4.0/Middlewares/Third_Party/ARM/DSP/Lib\libarm_ARMv8MMLlfsp_math.a(arm_cfft_f32.o)
                              C:/Users/nicek/STM32Cube/Repository/Packs/STMicroelectronics/X-CUBE-ALGOBUILD/1.4.0/Middlewares/Third_Party/ARM/DSP/Lib\libarm_ARMv8MMLlfsp_math.a(arm_rfft_fast_f32.o) (arm_cfft_f32)
C:/Users/nicek/STM32Cube/Repository/Packs/STMicroelectronics/X-CUBE-ALGOBUILD/1.4.0/Middlewares/Third_Party/ARM/DSP/Lib\libarm_ARMv8MMLlfsp_math.a(arm_bitreversal2.o)
                              C:/Users/nicek/STM32Cube/Repository/Packs/STMicroelectronics/X-CUBE-ALGOBUILD/1.4.0/Middlewares/Third_Party/ARM/DSP/Lib\libarm_ARMv8MMLlfsp_math.a(arm_cfft_f32.o) (arm_bitreversal_32)
C:/Users/nicek/STM32Cube/Repository/Packs/STMicroelectronics/X-CUBE-ALGOBUILD/1.4.0/Middlewares/Third_Party/ARM/DSP/Lib\libarm_ARMv8MMLlfsp_math.a(arm_cmplx_mag_f32.o)
                              ./Core/Src/fft.o (arm_cmplx_mag_f32)
C:/Users/nicek/STM32Cube/Repository/Packs/STMicroelectronics/X-CUBE-ALGOBUILD/1.4.0/Middlewares/Third_Party/ARM/DSP/Lib\libarm_ARMv8MMLlfsp_math.a(arm_common_tables.o)
                              C:/Users/nicek/STM32Cube/Repository/Packs/STMicroelectronics/X-CUBE-ALGOBUILD/1.4.0/Middlewares/Third_Party/ARM/DSP/Lib\libarm_ARMv8MMLlfsp_math.a(arm_rfft_fast_init_f32.o) (twiddleCoef_rfft_4096)
C:/Users/nicek/STM32Cube/Repository/Packs/STMicroelectronics/X-CUBE-ALGOBUILD/1.4.0/Middlewares/Third_Party/ARM/DSP/Lib\libarm_ARMv8MMLlfsp_math.a(arm_cfft_init_f32.o)
                              C:/Users/nicek/STM32Cube/Repository/Packs/STMicroelectronics/X-CUBE-ALGOBUILD/1.4.0/Middlewares/Third_Party/ARM/DSP/Lib\libarm_ARMv8MMLlfsp_math.a(arm_rfft_fast_init_f32.o) (arm_cfft_init_f32)
C:/Users/nicek/STM32Cube/Repository/Packs/STMicroelectronics/X-CUBE-ALGOBUILD/1.4.0/Middlewares/Third_Party/ARM/DSP/Lib\libarm_ARMv8MMLlfsp_math.a(arm_cfft_radix8_f32.o)
                              C:/Users/nicek/STM32Cube/Repository/Packs/STMicroelectronics/X-CUBE-ALGOBUILD/1.4.0/Middlewares/Third_Party/ARM/DSP/Lib\libarm_ARMv8MMLlfsp_math.a(arm_cfft_f32.o) (arm_radix8_butterfly_f32)
C:/Users/nicek/STM32Cube/Repository/Packs/STMicroelectronics/X-CUBE-ALGOBUILD/1.4.0/Middlewares/Third_Party/ARM/DSP/Lib\libarm_ARMv8MMLlfsp_math.a(arm_const_structs.o)
                              C:/Users/nicek/STM32Cube/Repository/Packs/STMicroelectronics/X-CUBE-ALGOBUILD/1.4.0/Middlewares/Third_Party/ARM/DSP/Lib\libarm_ARMv8MMLlfsp_math.a(arm_cfft_init_f32.o) (arm_cfft_sR_f32_len4096)
D:/Smart_OnDevice/SmartDevice/smart_device/Middlewares/ST/AI/Lib\NetworkRuntime1000_CM33_GCC.a(stai_internal.o)
                              ./App/aiTestHelper.o (stai_runtime_get_info)
D:/Smart_OnDevice/SmartDevice/smart_device/Middlewares/ST/AI/Lib\NetworkRuntime1000_CM33_GCC.a(ai_platform.o)
                              ./App/aiSystemPerformance.o (ai_buffer_get_size)
D:/Smart_OnDevice/SmartDevice/smart_device/Middlewares/ST/AI/Lib\NetworkRuntime1000_CM33_GCC.a(ai_platform_interface.o)
                              ./App/network.o (ai_platform_get_weights_map)
D:/Smart_OnDevice/SmartDevice/smart_device/Middlewares/ST/AI/Lib\NetworkRuntime1000_CM33_GCC.a(core_common.o)
                              D:/Smart_OnDevice/SmartDevice/smart_device/Middlewares/ST/AI/Lib\NetworkRuntime1000_CM33_GCC.a(ai_platform_interface.o) (core_init)
D:/Smart_OnDevice/SmartDevice/smart_device/Middlewares/ST/AI/Lib\NetworkRuntime1000_CM33_GCC.a(core_mem_manager.o)
                              D:/Smart_OnDevice/SmartDevice/smart_device/Middlewares/ST/AI/Lib\NetworkRuntime1000_CM33_GCC.a(ai_platform_interface.o) (core_mem_alloc)
D:/Smart_OnDevice/SmartDevice/smart_device/Middlewares/ST/AI/Lib\NetworkRuntime1000_CM33_GCC.a(layers.o)
                              D:/Smart_OnDevice/SmartDevice/smart_device/Middlewares/ST/AI/Lib\NetworkRuntime1000_CM33_GCC.a(ai_platform_interface.o) (ai_check_custom_types)
D:/Smart_OnDevice/SmartDevice/smart_device/Middlewares/ST/AI/Lib\NetworkRuntime1000_CM33_GCC.a(layers_conv2d_sssa8_ch.o)
                              ./App/network.o (forward_conv2d_deep_sssa8_ch)
D:/Smart_OnDevice/SmartDevice/smart_device/Middlewares/ST/AI/Lib\NetworkRuntime1000_CM33_GCC.a(layers_conv2d_stm32_integer.o)
                              ./App/network.o (forward_dense_integer_SSSA)
[...]
Memory Configuration

Name             Origin             Length             Attributes
RAM              0x20000000         0x000a0000         xrw
FLASH            0x08000000         0x00200000         xr
*default*        0x00000000         0xffffffff

Linker script and memory map

LOAD C:/ST/STM32CubeIDE_1.15.1/STM32CubeIDE/plugins/com.st.stm32cube.ide.mcu.externaltools.gnu-tools-for-stm32.13.3.rel1.win32_1.0.0.202411081344/tools/bin/../lib/gcc/arm-none-eabi/13.3.1/thumb/v8-m.main+fp/hard/crti.o
LOAD C:/ST/STM32CubeIDE_1.15.1/STM32CubeIDE/plugins/com.st.stm32cube.ide.mcu.externaltools.gnu-tools-for-stm32.13.3.rel1.win32_1.0.0.202411081344/tools/bin/../lib/gcc/arm-none-eabi/13.3.1/thumb/v8-m.main+fp/hard/crtbegin.o
LOAD C:/ST/STM32CubeIDE_1.15.1/STM32CubeIDE/plugins/com.st.stm32cube.ide.mcu.externaltools.gnu-tools-for-stm32.13.3.rel1.win32_1.0.0.202411081344/tools/bin/../lib/gcc/arm-none-eabi/13.3.1/../../../../arm-none-eabi/lib/thumb/v8-m.main+fp/hard/crt0.o
LOAD ./App/aiSystemPerformance.o
LOAD ./App/aiTestHelper.o
LOAD ./App/aiTestUtility.o
LOAD ./App/ai_device_adaptor.o
LOAD ./App/app_x-cube-ai.o
LOAD ./App/lc_print.o
LOAD ./App/network.o
LOAD ./App/network_data.o
LOAD ./App/network_data_params.o
LOAD ./App/syscalls.o
LOAD ./Core/Src/adc_user.o
LOAD ./Core/Src/cbor_format.o
LOAD ./Core/Src/fft.o
LOAD ./Core/Src/main.o
LOAD ./Core/Src/memory.o
LOAD ./Core/Src/node_main.o
LOAD ./Core/Src/stm32h5xx_hal_msp.o
LOAD ./Core/Src/stm32h5xx_it.o
LOAD ./Core/Src/syscalls.o
LOAD ./Core/Src/sysmem.o
LOAD ./Core/Src/system_stm32h5xx.o
LOAD ./Core/Src/wisun_frame.o
LOAD ./Core/Src/wisun_transport.o
LOAD ./Core/Startup/startup_stm32h562ritx.o
LOAD ./Drivers/STM32H5xx_HAL_Driver/stm32h5xx_hal.o
LOAD ./Drivers/STM32H5xx_HAL_Driver/stm32h5xx_hal_adc.o
LOAD ./Drivers/STM32H5xx_HAL_Driver/stm32h5xx_hal_adc_ex.o
LOAD ./Drivers/STM32H5xx_HAL_Driver/stm32h5xx_hal_cortex.o
LOAD ./Drivers/STM32H5xx_HAL_Driver/stm32h5xx_hal_dma.o
LOAD ./Drivers/STM32H5xx_HAL_Driver/stm32h5xx_hal_dma_ex.o
LOAD ./Drivers/STM32H5xx_HAL_Driver/stm32h5xx_hal_exti.o
LOAD ./Drivers/STM32H5xx_HAL_Driver/stm32h5xx_hal_flash.o
LOAD ./Drivers/STM32H5xx_HAL_Driver/stm32h5xx_hal_flash_ex.o
LOAD ./Drivers/STM32H5xx_HAL_Driver/stm32h5xx_hal_gpio.o
LOAD ./Drivers/STM32H5xx_HAL_Driver/stm32h5xx_hal_pwr.o
LOAD ./Drivers/STM32H5xx_HAL_Driver/stm32h5xx_hal_pwr_ex.o
LOAD ./Drivers/STM32H5xx_HAL_Driver/stm32h5xx_hal_rcc.o
LOAD ./Drivers/STM32H5xx_HAL_Driver/stm32h5xx_hal_rcc_ex.o
LOAD ./Drivers/STM32H5xx_HAL_Driver/stm32h5xx_hal_rtc.o
LOAD ./Drivers/STM32H5xx_HAL_Driver/stm32h5xx_hal_rtc_ex.o
LOAD ./Drivers/STM32H5xx_HAL_Driver/stm32h5xx_hal_tim.o
LOAD ./Drivers/STM32H5xx_HAL_Driver/stm32h5xx_hal_tim_ex.o
LOAD ./Drivers/STM32H5xx_HAL_Driver/stm32h5xx_hal_uart.o
LOAD ./Drivers/STM32H5xx_HAL_Driver/stm32h5xx_hal_uart_ex.o
START GROUP
LOAD D:\CMSIS-DSP\build\lib\libCMSISDSP.a
LOAD C:/Users/nicek/STM32Cube/Repository/Packs/STMicroelectronics/X-CUBE-ALGOBUILD/1.4.0/Middlewares/Third_Party/ARM/DSP/Lib\libarm_ARMv8MMLlfsp_math.a
END GROUP
LOAD D:/Smart_OnDevice/SmartDevice/smart_device/Middlewares/ST/AI/Lib\NetworkRuntime1000_CM33_GCC.a
START GROUP
LOAD C:/ST/STM32CubeIDE_1.15.1/STM32CubeIDE/plugins/com.st.stm32cube.ide.mcu.externaltools.gnu-tools-for-stm32.13.3.rel1.win32_1.0.0.202411081344/tools/bin/../lib/gcc/arm-none-eabi/13.3.1/../../../../arm-none-eabi/lib/thumb/v8-m.main+fp/hard\libc_nano.a
LOAD C:/ST/STM32CubeIDE_1.15.1/STM32CubeIDE/plugins/com.st.stm32cube.ide.mcu.externaltools.gnu-tools-for-stm32.13.3.rel1.win32_1.0.0.202411081344/tools/bin/../lib/gcc/arm-none-eabi/13.3.1/../../../../arm-none-eabi/lib/thumb/v8-m.main+fp/hard\libm.a
END GROUP
START GROUP
LOAD C:/ST/STM32CubeIDE_1.15.1/STM32CubeIDE/plugins/com.st.stm32cube.ide.mcu.externaltools.gnu-tools-for-stm32.13.3.rel1.win32_1.0.0.202411081344/tools/bin/../lib/gcc/arm-none-eabi/13.3.1/thumb/v8-m.main+fp/hard\libgcc.a
LOAD C:/ST/STM32CubeIDE_1.15.1/STM32CubeIDE/plugins/com.st.stm32cube.ide.mcu.externaltools.gnu-tools-for-stm32.13.3.rel1.win32_1.0.0.202411081344/tools/bin/../lib/gcc/arm-none-eabi/13.3.1/../../../../arm-none-eabi/lib/thumb/v8-m.main+fp/hard\libc_nano.a
END GROUP
START GROUP
LOAD C:/ST/STM32CubeIDE_1.15.1/STM32CubeIDE/plugins/com.st.stm32cube.ide.mcu.externaltools.gnu-tools-for-stm32.13.3.rel1.win32_1.0.0.202411081344/tools/bin/../lib/gcc/arm-none-eabi/13.3.1/thumb/v8-m.main+fp/hard\libgcc.a
LOAD C:/ST/STM32CubeIDE_1.15.1/STM32CubeIDE/plugins/com.st.stm32cube.ide.mcu.externaltools.gnu-tools-for-stm32.13.3.rel1.win32_1.0.0.202411081344/tools/bin/../lib/gcc/arm-none-eabi/13.3.1/../../../../arm-none-eabi/lib/thumb/v8-m.main+fp/hard\libc_nano.a
LOAD C:/ST/STM32CubeIDE_1.15.1/STM32CubeIDE/plugins/com.st.stm32cube.ide.mcu.externaltools.gnu-tools-for-stm32.13.3.rel1.win32_1.0.0.202411081344/tools/bin/../lib/gcc/arm-none-eabi/13.3.1/../../../../arm-none-eabi/lib/thumb/v8-m.main+fp/hard\libnosys.a
END GROUP
START GROUP
LOAD C:/ST/STM32CubeIDE_1.15.1/STM32CubeIDE/plugins/com.st.stm32cube.ide.mcu.externaltools.gnu-tools-for-stm32.13.3.rel1.win32_1.0.0.202411081344/tools/bin/../lib/gcc/arm-none-eabi/13.3.1/thumb/v8-m.main+fp/hard\libgcc.a
LOAD C:/ST/STM32CubeIDE_1.15.1/STM32CubeIDE/plugins/com.st.stm32cube.ide.mcu.externaltools.gnu-tools-for-stm32.13.3.rel1.win32_1.0.0.202411081344/tools/bin/../lib/gcc/arm-none-eabi/13.3.1/../../../../arm-none-eabi/lib/thumb/v8-m.main+fp/hard\libc_nano.a
LOAD C:/ST/STM32CubeIDE_1.15.1/STM32CubeIDE/plugins/com.st.stm32cube.ide.mcu.externaltools.gnu-tools-for-stm32.13.3.rel1.win32_1.0.0.202411081344/tools/bin/../lib/gcc/arm-none-eabi/13.3.1/../../../../arm-none-eabi/lib/thumb/v8-m.main+fp/hard\libnosys.a
END GROUP
LOAD C:/ST/STM32CubeIDE_1.15.1/STM32CubeIDE/plugins/com.st.stm32cube.ide.mcu.externaltools.gnu-tools-for-stm32.13.3.rel1.win32_1.0.0.202411081344/tools/bin/../lib/gcc/arm-none-eabi/13.3.1/thumb/v8-m.main+fp/hard/crtend.o
LOAD C:/ST/STM32CubeIDE_1.15.1/STM32CubeIDE/plugins/com.st.stm32cube.ide.mcu.externaltools.gnu-tools-for-stm32.13.3.rel1.win32_1.0.0.202411081344/tools/bin/../lib/gcc/arm-none-eabi/13.3.1/thumb/v8-m.main+fp/hard/crtn.o
                0x200a0000                        _estack = (ORIGIN (RAM) + LENGTH (RAM))
                0x00000200                        _Min_Heap_Size = 0x200
                0x00000400                        _Min_Stack_Size = 0x400

.isr_vector     0x08000000      0x24c
                0x08000000                        . = ALIGN (0x4)
 *(.isr_vector)
 .isr_vector    0x08000000      0x24c ./Core/Startup/startup_stm32h562ritx.o
                0x08000000                g_pfnVectors
                0x0800024c                        . = ALIGN (0x4)

.text           0x08000250    0x13200
                0x08000250                        . = ALIGN (0x4)
 *(.text)
 .text          0x08000250       0x40 C:/ST/STM32CubeIDE_1.15.1/STM32CubeIDE/plugins/com.st.stm32cube.ide.mcu.externaltools.gnu-tools-for-stm32.13.3.rel1.win32_1.0.0.202411081344/tools/bin/../lib/gcc/arm-none-eabi/13.3.1/thumb/v8-m.main+fp/hard/crtbegin.o
 .text          0x08000290       0x10 C:/ST/STM32CubeIDE_1.15.1/STM32CubeIDE/plugins/com.st.stm32cube.ide.mcu.externaltools.gnu-tools-for-stm32.13.3.rel1.win32_1.0.0.202411081344/tools/bin/../lib/gcc/arm-none-eabi/13.3.1/../../../../arm-none-eabi/lib/thumb/v8-m.main+fp/hard\libc_nano.a(libc_a-strlen.o)
                0x08000290                strlen
 .text          0x080002a0      0x378 C:/ST/STM32CubeIDE_1.15.1/STM32CubeIDE/plugins/com.st.stm32cube.ide.mcu.externaltools.gnu-tools-for-stm32.13.3.rel1.win32_1.0.0.202411081344/tools/bin/../lib/gcc/arm-none-eabi/13.3.1/thumb/v8-m.main+fp/hard\libgcc.a(_arm_addsubdf3.o)
                0x080002a0                __aeabi_drsub
                0x080002a8                __aeabi_dsub
                0x080002a8                __subdf3
                0x080002ac                __aeabi_dadd
                0x080002ac                __adddf3
                0x08000524                __floatunsidf
                0x08000524                __aeabi_ui2d
                0x08000544                __floatsidf
                0x08000544                __aeabi_i2d
                0x08000568                __aeabi_f2d
                0x08000568                __extendsfdf2
                0x080005ac                __floatundidf
                0x080005ac                __aeabi_ul2d
                0x080005bc                __floatdidf
                0x080005bc                __aeabi_l2d
 .text          0x08000618      0x424 C:/ST/STM32CubeIDE_1.15.1/STM32CubeIDE/plugins/com.st.stm32cube.ide.mcu.externaltools.gnu-tools-for-stm32.13.3.rel1.win32_1.0.0.202411081344/tools/bin/../lib/gcc/arm-none-eabi/13.3.1/thumb/v8-m.main+fp/hard\libgcc.a(_arm_muldivdf3.o)
                0x08000618                __aeabi_dmul
                0x08000618                __muldf3
                0x0800086c                __divdf3
                0x0800086c                __aeabi_ddiv
 .text          0x08000a3c      0x110 C:/ST/STM32CubeIDE_1.15.1/STM32CubeIDE/plugins/com.st.stm32cube.ide.mcu.externaltools.gnu-tools-for-stm32.13.3.rel1.win32_1.0.0.202411081344/tools/bin/../lib/gcc/arm-none-eabi/13.3.1/thumb/v8-m.main+fp/hard\libgcc.a(_arm_cmpdf2.o)
                0x08000a3c                __gtdf2
                0x08000a3c                __gedf2
                0x08000a44                __ltdf2
                0x08000a44                __ledf2
                0x08000a4c                __nedf2
                0x08000a4c                __eqdf2
                0x08000a4c                __cmpdf2
                0x08000ac8                __aeabi_cdrcmple
                0x08000ad8                __aeabi_cdcmpeq
                0x08000ad8                __aeabi_cdcmple
                0x08000ae8                __aeabi_dcmpeq
                0x08000afc                __aeabi_dcmplt
                0x08000b10                __aeabi_dcmple
                0x08000b24                __aeabi_dcmpge
                0x08000b38                __aeabi_dcmpgt
 .text          0x08000b4c       0x2c C:/ST/STM32CubeIDE_1.15.1/STM32CubeIDE/plugins/com.st.stm32cube.ide.mcu.externaltools.gnu-tools-for-stm32.13.3.rel1.win32_1.0.0.202411081344/tools/bin/../lib/gcc/arm-none-eabi/13.3.1/thumb/v8-m.main+fp/hard\libgcc.a(_arm_unorddf2.o)
                0x08000b4c                __unorddf2
                0x08000b4c                __aeabi_dcmpun
 .text          0x08000b78       0x50 C:/ST/STM32CubeIDE_1.15.1/STM32CubeIDE/plugins/com.st.stm32cube.ide.mcu.externaltools.gnu-tools-for-stm32.13.3.rel1.win32_1.0.0.202411081344/tools/bin/../lib/gcc/arm-none-eabi/13.3.1/thumb/v8-m.main+fp/hard\libgcc.a(_arm_fixdfsi.o)
                0x08000b78                __aeabi_d2iz
                0x08000b78                __fixdfsi
 .text          0x08000bc8       0x30 C:/ST/STM32CubeIDE_1.15.1/STM32CubeIDE/plugins/com.st.stm32cube.ide.mcu.externaltools.gnu-tools-for-stm32.13.3.rel1.win32_1.0.0.202411081344/tools/bin/../lib/gcc/arm-none-eabi/13.3.1/thumb/v8-m.main+fp/hard\libgcc.a(_aeabi_uldivmod.o)
                0x08000bc8                __aeabi_uldivmod
 .text          0x08000bf8      0x348 C:/ST/STM32CubeIDE_1.15.1/STM32CubeIDE/plugins/com.st.stm32cube.ide.mcu.externaltools.gnu-tools-for-stm32.13.3.rel1.win32_1.0.0.202411081344/tools/bin/../lib/gcc/arm-none-eabi/13.3.1/thumb/v8-m.main+fp/hard\libgcc.a(_udivmoddi4.o)
                0x08000bf8                __udivmoddi4
 .text          0x08000f40        0x4 C:/ST/STM32CubeIDE_1.15.1/STM32CubeIDE/plugins/com.st.stm32cube.ide.mcu.externaltools.gnu-tools-for-stm32.13.3.rel1.win32_1.0.0.202411081344/tools/bin/../lib/gcc/arm-none-eabi/13.3.1/thumb/v8-m.main+fp/hard\libgcc.a(_dvmd_tls.o)
                0x08000f40                __aeabi_idiv0
                0x08000f40                __aeabi_ldiv0
 *(.text*)
 .text.port_io_write
                0x08000f44       0x38 ./App/aiTestUtility.o
 .text._write   0x08000f7c       0x60 ./App/aiTestUtility.o
                0x08000f7c                _write
 .text.now_us   0x08000fdc       0x18 ./Core/Src/adc_user.o
 .text.AD_DC_Injected_Once
                0x08000ff4       0x88 ./Core/Src/adc_user.o
                0x08000ff4                AD_DC_Injected_Once
 .text.processFFT
                0x0800107c       0x30 ./Core/Src/fft.o
                0x0800107c                processFFT
 .text.PA12_toggle_soft
                0x080010ac       0x38 ./Core/Src/main.o
 .text.HAL_UART_RxCpltCallback
                0x080010e4      0x33c ./Core/Src/main.o
                0x080010e4                HAL_UART_RxCpltCallback
 .text.HAL_ADC_ConvCpltCallback
                0x08001420       0xb8 ./Core/Src/main.o
                0x08001420                HAL_ADC_ConvCpltCallback
 .text.Print_FFT_Summary
                0x080014d8       0x94 ./Core/Src/main.o
                0x080014d8                Print_FFT_Summary
 .text.Process_Ultra_Frame_Then_VI
                0x0800156c      0x17c ./Core/Src/main.o
                0x0800156c                Process_Ultra_Frame_Then_VI
 .text.PrintReceivedPacket
                0x080016e8      0x16c ./Core/Src/main.o
                0x080016e8                PrintReceivedPacket
 .text.main     0x08001854      0x104 ./Core/Src/main.o
                0x08001854                main
 .text.SystemClock_Config
                0x08001958       0xf0 ./Core/Src/main.o
                0x08001958                SystemClock_Config
 .text.MX_ADC1_Init
                0x08001a48      0x15c ./Core/Src/main.o
 .text.MX_RTC_Init
                0x08001ba4      0x118 ./Core/Src/main.o
 .text.MX_TIM2_Init
                0x08001cbc       0x9c ./Core/Src/main.o
 .text.MX_USART1_UART_Init
                0x08001d58       0x98 ./Core/Src/main.o
 .text.MX_USART2_UART_Init
                0x08001df0       0x98 ./Core/Src/main.o
 .text.MX_USART6_UART_Init
                0x08001e88       0x98 ./Core/Src/main.o
 .text.MX_GPIO_Init
                0x08001f20      0x114 ./Core/Src/main.o
 .text.ExtractFullFFT
                0x08002034      0x118 ./Core/Src/main.o
                0x08002034                ExtractFullFFT
 .text.Parse_AT_Response
                0x0800214c       0x80 ./Core/Src/main.o
                0x0800214c                Parse_AT_Response
 .text.Ultra_ResumeNextFrame
                0x080021cc       0x30 ./Core/Src/main.o
                0x080021cc                Ultra_ResumeNextFrame
 .text.Error_Handler
                0x080021fc       0x2c ./Core/Src/main.o
                0x080021fc                Error_Handler
 .text.HAL_MspInit
                0x08002228        0xc ./Core/Src/stm32h5xx_hal_msp.o
                0x08002228                HAL_MspInit
 .text.HAL_ADC_MspInit
                0x08002234      0x228 ./Core/Src/stm32h5xx_hal_msp.o
                0x08002234                HAL_ADC_MspInit
 .text.HAL_RTC_MspInit
                0x0800245c       0xc0 ./Core/Src/stm32h5xx_hal_msp.o
                0x0800245c                HAL_RTC_MspInit
 .text.HAL_TIM_Base_MspInit
                0x0800251c       0x40 ./Core/Src/stm32h5xx_hal_msp.o
                0x0800251c                HAL_TIM_Base_MspInit
 .text.HAL_UART_MspInit
                0x0800255c      0x2f8 ./Core/Src/stm32h5xx_hal_msp.o
                0x0800255c                HAL_UART_MspInit
 .text.NMI_Handler
                0x08002854        0x8 ./Core/Src/stm32h5xx_it.o
                0x08002854                NMI_Handler
 .text.HardFault_Handler
                0x0800285c        0x8 ./Core/Src/stm32h5xx_it.o
                0x0800285c                HardFault_Handler
 .text.MemManage_Handler
                0x08002864        0x8 ./Core/Src/stm32h5xx_it.o
                0x08002864                MemManage_Handler
 .text.BusFault_Handler
                0x0800286c        0x8 ./Core/Src/stm32h5xx_it.o
                0x0800286c                BusFault_Handler
 .text.UsageFault_Handler
                0x08002874        0x8 ./Core/Src/stm32h5xx_it.o
                0x08002874                UsageFault_Handler
 .text.SVC_Handler
                0x0800287c        0xe ./Core/Src/stm32h5xx_it.o
                0x0800287c                SVC_Handler
 .text.DebugMon_Handler
                0x0800288a        0xe ./Core/Src/stm32h5xx_it.o
                0x0800288a                DebugMon_Handler
 .text.PendSV_Handler
                0x08002898        0xe ./Core/Src/stm32h5xx_it.o
                0x08002898                PendSV_Handler
 .text.SysTick_Handler
                0x080028a6        0xc ./Core/Src/stm32h5xx_it.o
                0x080028a6                SysTick_Handler
 *fill*         0x080028b2        0x2 
 .text.ADC1_IRQHandler
                0x080028b4       0x14 ./Core/Src/stm32h5xx_it.o
                0x080028b4                ADC1_IRQHandler
 .text.USART1_IRQHandler
                0x080028c8       0x14 ./Core/Src/stm32h5xx_it.o
                0x080028c8                USART1_IRQHandler
 .text.USART2_IRQHandler
                0x080028dc       0x14 ./Core/Src/stm32h5xx_it.o
                0x080028dc                USART2_IRQHandler
 .text.USART6_IRQHandler
                0x080028f0       0x14 ./Core/Src/stm32h5xx_it.o
                0x080028f0                USART6_IRQHandler
 .text._getpid  0x08002904       0x10 ./Core/Src/syscalls.o
                0x08002904                _getpid
 .text._kill    0x08002914       0x20 ./Core/Src/syscalls.o
                0x08002914                _kill
 .text._exit    0x08002934       0x16 ./Core/Src/syscalls.o
                0x08002934                _exit
 .text._read    0x0800294a       0x3a ./Core/Src/syscalls.o
                0x0800294a                _read
 .text._close   0x08002984       0x18 ./Core/Src/syscalls.o
                0x08002984                _close
 .text._fstat   0x0800299c       0x20 ./Core/Src/syscalls.o
                0x0800299c                _fstat
 .text._isatty  0x080029bc       0x16 ./Core/Src/syscalls.o
                0x080029bc                _isatty
 .text._lseek   0x080029d2       0x1a ./Core/Src/syscalls.o
                0x080029d2                _lseek
 .text._sbrk    0x080029ec       0x6c ./Core/Src/sysmem.o
                0x080029ec                _sbrk
 .text.SystemInit
                0x08002a58       0xf8 ./Core/Src/system_stm32h5xx.o
                0x08002a58                SystemInit
 .text.Reset_Handler
                0x08002b50       0x50 ./Core/Startup/startup_stm32h562ritx.o
                0x08002b50                Reset_Handler
 .text.Default_Handler
                0x08002ba0        0x2 ./Core/Startup/startup_stm32h562ritx.o
                0x08002ba0                EXTI2_IRQHandler
                0x08002ba0                TIM8_TRG_COM_IRQHandler
                0x08002ba0                TIM8_CC_IRQHandler
                0x08002ba0                EXTI5_IRQHandler
                0x08002ba0                I3C1_ER_IRQHandler
                0x08002ba0                UART8_IRQHandler
                0x08002ba0                SPI4_IRQHandler
                0x08002ba0                GPDMA2_Channel1_IRQHandler
                0x08002ba0                FLASH_S_IRQHandler
                0x08002ba0                EXTI13_IRQHandler
                0x08002ba0                TIM1_CC_IRQHandler
                0x08002ba0                GPDMA2_Channel3_IRQHandler
                0x08002ba0                TAMP_IRQHandler
                0x08002ba0                TIM6_IRQHandler
                0x08002ba0                EXTI12_IRQHandler
                0x08002ba0                CORDIC_IRQHandler
                0x08002ba0                USB_DRD_FS_IRQHandler
                0x08002ba0                EXTI3_IRQHandler
                0x08002ba0                LPTIM4_IRQHandler
                0x08002ba0                GPDMA1_Channel5_IRQHandler
                0x08002ba0                EXTI8_IRQHandler
                0x08002ba0                GPDMA2_Channel5_IRQHandler
                0x08002ba0                LPTIM2_IRQHandler
                0x08002ba0                I2C3_ER_IRQHandler
                0x08002ba0                GPDMA2_Channel2_IRQHandler
                0x08002ba0                USART10_IRQHandler
                0x08002ba0                LPTIM3_IRQHandler
                0x08002ba0                EXTI0_IRQHandler
                0x08002ba0                I2C2_EV_IRQHandler
                0x08002ba0                FPU_IRQHandler
                0x08002ba0                GPDMA1_Channel3_IRQHandler
                0x08002ba0                GPDMA1_Channel7_IRQHandler
                0x08002ba0                FDCAN1_IT1_IRQHandler
                0x08002ba0                RAMCFG_IRQHandler
                0x08002ba0                DCACHE1_IRQHandler
                0x08002ba0                SPI1_IRQHandler
                0x08002ba0                OCTOSPI1_IRQHandler
                0x08002ba0                GPDMA1_Channel2_IRQHandler
                0x08002ba0                TIM8_UP_IRQHandler
                0x08002ba0                RCC_S_IRQHandler
                0x08002ba0                SAI2_IRQHandler
                0x08002ba0                EXTI15_IRQHandler
                0x08002ba0                TIM17_IRQHandler
                0x08002ba0                USART3_IRQHandler
                0x08002ba0                RTC_IRQHandler
                0x08002ba0                EXTI9_IRQHandler
                0x08002ba0                LPTIM5_IRQHandler
                0x08002ba0                UART5_IRQHandler
                0x08002ba0                TIM4_IRQHandler
                0x08002ba0                I2C1_EV_IRQHandler
                0x08002ba0                GPDMA1_Channel1_IRQHandler
                0x08002ba0                TIM16_IRQHandler
                0x08002ba0                UART4_IRQHandler
                0x08002ba0                SecureFault_Handler
                0x08002ba0                TIM3_IRQHandler
                0x08002ba0                RCC_IRQHandler
                0x08002ba0                UART9_IRQHandler
                0x08002ba0                TIM1_TRG_COM_IRQHandler
                0x08002ba0                Default_Handler
                0x08002ba0                FMAC_IRQHandler
                0x08002ba0                CEC_IRQHandler
                0x08002ba0                USART11_IRQHandler
                0x08002ba0                TIM14_IRQHandler
                0x08002ba0                TIM13_IRQHandler
                0x08002ba0                GPDMA2_Channel4_IRQHandler
                0x08002ba0                SPI5_IRQHandler
                0x08002ba0                TIM12_IRQHandler
                0x08002ba0                TIM7_IRQHandler
                0x08002ba0                SDMMC1_IRQHandler
                0x08002ba0                TIM5_IRQHandler
                0x08002ba0                UCPD1_IRQHandler
                0x08002ba0                GPDMA1_Channel0_IRQHandler
                0x08002ba0                I3C1_EV_IRQHandler
                0x08002ba0                TIM15_IRQHandler
                0x08002ba0                PVD_AVD_IRQHandler
                0x08002ba0                I2C3_EV_IRQHandler
                0x08002ba0                ADC2_IRQHandler
                0x08002ba0                SPI2_IRQHandler
                0x08002ba0                EXTI14_IRQHandler
                0x08002ba0                EXTI11_IRQHandler
                0x08002ba0                CRS_IRQHandler
                0x08002ba0                EXTI4_IRQHandler
                0x08002ba0                GPDMA2_Channel0_IRQHandler
                0x08002ba0                RTC_S_IRQHandler
                0x08002ba0                RNG_IRQHandler
                0x08002ba0                GPDMA2_Channel6_IRQHandler
                0x08002ba0                TIM1_UP_IRQHandler
                0x08002ba0                UART12_IRQHandler
                0x08002ba0                WWDG_IRQHandler
                0x08002ba0                SPI6_IRQHandler
                0x08002ba0                I2C4_EV_IRQHandler
                0x08002ba0                IWDG_IRQHandler
                0x08002ba0                LPUART1_IRQHandler
                0x08002ba0                FDCAN1_IT0_IRQHandler
                0x08002ba0                TIM2_IRQHandler
                0x08002ba0                GPDMA1_Channel4_IRQHandler
                0x08002ba0                EXTI7_IRQHandler
                0x08002ba0                TIM1_BRK_IRQHandler
                0x08002ba0                EXTI1_IRQHandler
                0x08002ba0                LPTIM6_IRQHandler
                0x08002ba0                DAC1_IRQHandler
                0x08002ba0                DTS_IRQHandler
                0x08002ba0                UART7_IRQHandler
                0x08002ba0                GTZC_IRQHandler
                0x08002ba0                GPDMA1_Channel6_IRQHandler
                0x08002ba0                GPDMA2_Channel7_IRQHandler
                0x08002ba0                I2C2_ER_IRQHandler
                0x08002ba0                TIM8_BRK_IRQHandler
                0x08002ba0                FLASH_IRQHandler
                0x08002ba0                EXTI10_IRQHandler
                0x08002ba0                SPI3_IRQHandler
                0x08002ba0                I2C1_ER_IRQHandler
                0x08002ba0                FMC_IRQHandler
                0x08002ba0                EXTI6_IRQHandler
                0x08002ba0                LPTIM1_IRQHandler
                0x08002ba0                DCMI_PSSI_IRQHandler
                0x08002ba0                I2C4_ER_IRQHandler
                0x08002ba0                ICACHE_IRQHandler
                0x08002ba0                SAI1_IRQHandler
                0x08002ba0                HASH_IRQHandler
 *fill*         0x08002ba2        0x2 
 .text.HAL_Init
                0x08002ba4       0x50 ./Drivers/STM32H5xx_HAL_Driver/stm32h5xx_hal.o
                0x08002ba4                HAL_Init
 .text.HAL_InitTick
                0x08002bf4       0xec ./Drivers/STM32H5xx_HAL_Driver/stm32h5xx_hal.o
                0x08002bf4                HAL_InitTick
 .text.HAL_IncTick
                0x08002ce0       0x28 ./Drivers/STM32H5xx_HAL_Driver/stm32h5xx_hal.o
                0x08002ce0                HAL_IncTick
 .text.HAL_GetTick
                0x08002d08       0x18 ./Drivers/STM32H5xx_HAL_Driver/stm32h5xx_hal.o
                0x08002d08                HAL_GetTick
 .text.HAL_Delay
                0x08002d20       0x48 ./Drivers/STM32H5xx_HAL_Driver/stm32h5xx_hal.o
                0x08002d20                HAL_Delay
 .text.LL_ADC_SetCommonClock
                0x08002d68       0x26 ./Drivers/STM32H5xx_HAL_Driver/stm32h5xx_hal_adc.o
 .text.LL_ADC_SetCommonPathInternalCh
                0x08002d8e       0x26 ./Drivers/STM32H5xx_HAL_Driver/stm32h5xx_hal_adc.o
 .text.LL_ADC_GetCommonPathInternalCh
                0x08002db4       0x1c ./Drivers/STM32H5xx_HAL_Driver/stm32h5xx_hal_adc.o
 .text.LL_ADC_EnableChannelVDDcore
                0x08002dd0       0x24 ./Drivers/STM32H5xx_HAL_Driver/stm32h5xx_hal_adc.o
 .text.LL_ADC_EnableChannel0_GPIO
                0x08002df4       0x28 ./Drivers/STM32H5xx_HAL_Driver/stm32h5xx_hal_adc.o
 .text.LL_ADC_SetOffset
                0x08002e1c       0x48 ./Drivers/STM32H5xx_HAL_Driver/stm32h5xx_hal_adc.o
 .text.LL_ADC_GetOffsetChannel
                0x08002e64       0x2c ./Drivers/STM32H5xx_HAL_Driver/stm32h5xx_hal_adc.o
 .text.LL_ADC_SetOffsetState
                0x08002e90       0x36 ./Drivers/STM32H5xx_HAL_Driver/stm32h5xx_hal_adc.o
 .text.LL_ADC_SetOffsetSign
                0x08002ec6       0x36 ./Drivers/STM32H5xx_HAL_Driver/stm32h5xx_hal_adc.o
 .text.LL_ADC_SetOffsetSaturation
                0x08002efc       0x36 ./Drivers/STM32H5xx_HAL_Driver/stm32h5xx_hal_adc.o
 .text.LL_ADC_SetSamplingTimeCommonConfig
                0x08002f32       0x26 ./Drivers/STM32H5xx_HAL_Driver/stm32h5xx_hal_adc.o
 .text.LL_ADC_REG_IsTriggerSourceSWStart
                0x08002f58       0x26 ./Drivers/STM32H5xx_HAL_Driver/stm32h5xx_hal_adc.o
 .text.LL_ADC_REG_SetSequencerRanks
                0x08002f7e       0x58 ./Drivers/STM32H5xx_HAL_Driver/stm32h5xx_hal_adc.o
 .text.LL_ADC_INJ_IsTriggerSourceSWStart
                0x08002fd6       0x26 ./Drivers/STM32H5xx_HAL_Driver/stm32h5xx_hal_adc.o
 .text.LL_ADC_SetChannelSamplingTime
                0x08002ffc       0x56 ./Drivers/STM32H5xx_HAL_Driver/stm32h5xx_hal_adc.o
 *fill*         0x08003052        0x2 
 .text.LL_ADC_SetChannelSingleDiff
                0x08003054       0x48 ./Drivers/STM32H5xx_HAL_Driver/stm32h5xx_hal_adc.o
 .text.LL_ADC_GetMultimode
                0x0800309c       0x1c ./Drivers/STM32H5xx_HAL_Driver/stm32h5xx_hal_adc.o
 .text.LL_ADC_GetMultiDMATransfer
                0x080030b8       0x1c ./Drivers/STM32H5xx_HAL_Driver/stm32h5xx_hal_adc.o
 .text.LL_ADC_DisableDeepPowerDown
                0x080030d4       0x24 ./Drivers/STM32H5xx_HAL_Driver/stm32h5xx_hal_adc.o
 .text.LL_ADC_IsDeepPowerDownEnabled
                0x080030f8       0x28 ./Drivers/STM32H5xx_HAL_Driver/stm32h5xx_hal_adc.o
 .text.LL_ADC_EnableInternalRegulator
                0x08003120       0x28 ./Drivers/STM32H5xx_HAL_Driver/stm32h5xx_hal_adc.o
 .text.LL_ADC_IsInternalRegulatorEnabled
                0x08003148       0x28 ./Drivers/STM32H5xx_HAL_Driver/stm32h5xx_hal_adc.o
 .text.LL_ADC_Enable
                0x08003170       0x28 ./Drivers/STM32H5xx_HAL_Driver/stm32h5xx_hal_adc.o
 .text.LL_ADC_Disable
                0x08003198       0x28 ./Drivers/STM32H5xx_HAL_Driver/stm32h5xx_hal_adc.o
 .text.LL_ADC_IsEnabled
                0x080031c0       0x26 ./Drivers/STM32H5xx_HAL_Driver/stm32h5xx_hal_adc.o
 .text.LL_ADC_IsDisableOngoing
                0x080031e6       0x26 ./Drivers/STM32H5xx_HAL_Driver/stm32h5xx_hal_adc.o
 .text.LL_ADC_REG_StartConversion
                0x0800320c       0x28 ./Drivers/STM32H5xx_HAL_Driver/stm32h5xx_hal_adc.o
 .text.LL_ADC_REG_StopConversion
                0x08003234       0x28 ./Drivers/STM32H5xx_HAL_Driver/stm32h5xx_hal_adc.o
 .text.LL_ADC_REG_IsConversionOngoing
                0x0800325c       0x26 ./Drivers/STM32H5xx_HAL_Driver/stm32h5xx_hal_adc.o
 .text.LL_ADC_INJ_StopConversion
                0x08003282       0x28 ./Drivers/STM32H5xx_HAL_Driver/stm32h5xx_hal_adc.o
 .text.LL_ADC_INJ_IsConversionOngoing
                0x080032aa       0x26 ./Drivers/STM32H5xx_HAL_Driver/stm32h5xx_hal_adc.o
 .text.HAL_ADC_Init
                0x080032d0      0x2a8 ./Drivers/STM32H5xx_HAL_Driver/stm32h5xx_hal_adc.o
                0x080032d0                HAL_ADC_Init
 .text.HAL_ADC_Start_IT
                0x08003578      0x25c ./Drivers/STM32H5xx_HAL_Driver/stm32h5xx_hal_adc.o
                0x08003578                HAL_ADC_Start_IT
 .text.HAL_ADC_Stop_IT
                0x080037d4       0x76 ./Drivers/STM32H5xx_HAL_Driver/stm32h5xx_hal_adc.o
                0x080037d4                HAL_ADC_Stop_IT
 .text.HAL_ADC_GetValue
                0x0800384a       0x1a ./Drivers/STM32H5xx_HAL_Driver/stm32h5xx_hal_adc.o
                0x0800384a                HAL_ADC_GetValue
 .text.HAL_ADC_IRQHandler
                0x08003864      0x434 ./Drivers/STM32H5xx_HAL_Driver/stm32h5xx_hal_adc.o
                0x08003864                HAL_ADC_IRQHandler
 .text.HAL_ADC_LevelOutOfWindowCallback
                0x08003c98       0x14 ./Drivers/STM32H5xx_HAL_Driver/stm32h5xx_hal_adc.o
                0x08003c98                HAL_ADC_LevelOutOfWindowCallback
 .text.HAL_ADC_ErrorCallback
                0x08003cac       0x14 ./Drivers/STM32H5xx_HAL_Driver/stm32h5xx_hal_adc.o
                0x08003cac                HAL_ADC_ErrorCallback
 .text.HAL_ADC_ConfigChannel
                0x08003cc0      0x820 ./Drivers/STM32H5xx_HAL_Driver/stm32h5xx_hal_adc.o
                0x08003cc0                HAL_ADC_ConfigChannel
 .text.ADC_ConversionStop
                0x080044e0      0x178 ./Drivers/STM32H5xx_HAL_Driver/stm32h5xx_hal_adc.o
                0x080044e0                ADC_ConversionStop
 .text.ADC_Enable
                0x08004658      0x104 ./Drivers/STM32H5xx_HAL_Driver/stm32h5xx_hal_adc.o
                0x08004658                ADC_Enable
 .text.ADC_Disable
                0x0800475c       0xbe ./Drivers/STM32H5xx_HAL_Driver/stm32h5xx_hal_adc.o
                0x0800475c                ADC_Disable
 .text.LL_ADC_SetCommonPathInternalCh
                0x0800481a       0x26 ./Drivers/STM32H5xx_HAL_Driver/stm32h5xx_hal_adc_ex.o
 .text.LL_ADC_GetCommonPathInternalCh
                0x08004840       0x1c ./Drivers/STM32H5xx_HAL_Driver/stm32h5xx_hal_adc_ex.o
 .text.LL_ADC_EnableChannelVDDcore
                0x0800485c       0x24 ./Drivers/STM32H5xx_HAL_Driver/stm32h5xx_hal_adc_ex.o
 .text.LL_ADC_EnableChannel0_GPIO
                0x08004880       0x28 ./Drivers/STM32H5xx_HAL_Driver/stm32h5xx_hal_adc_ex.o
 .text.LL_ADC_SetOffset
                0x080048a8       0x48 ./Drivers/STM32H5xx_HAL_Driver/stm32h5xx_hal_adc_ex.o
 .text.LL_ADC_GetOffsetChannel
                0x080048f0       0x2c ./Drivers/STM32H5xx_HAL_Driver/stm32h5xx_hal_adc_ex.o
 .text.LL_ADC_SetOffsetState
                0x0800491c       0x36 ./Drivers/STM32H5xx_HAL_Driver/stm32h5xx_hal_adc_ex.o
 .text.LL_ADC_SetOffsetSign
                0x08004952       0x36 ./Drivers/STM32H5xx_HAL_Driver/stm32h5xx_hal_adc_ex.o
 .text.LL_ADC_SetOffsetSaturation
                0x08004988       0x36 ./Drivers/STM32H5xx_HAL_Driver/stm32h5xx_hal_adc_ex.o
 .text.LL_ADC_SetSamplingTimeCommonConfig
                0x080049be       0x26 ./Drivers/STM32H5xx_HAL_Driver/stm32h5xx_hal_adc_ex.o
 .text.LL_ADC_REG_IsTriggerSourceSWStart
                0x080049e4       0x26 ./Drivers/STM32H5xx_HAL_Driver/stm32h5xx_hal_adc_ex.o
 .text.LL_ADC_INJ_IsTriggerSourceSWStart
                0x08004a0a       0x26 ./Drivers/STM32H5xx_HAL_Driver/stm32h5xx_hal_adc_ex.o
 .text.LL_ADC_INJ_GetTrigAuto
                0x08004a30       0x1c ./Drivers/STM32H5xx_HAL_Driver/stm32h5xx_hal_adc_ex.o
 .text.LL_ADC_INJ_SetQueueMode
                0x08004a4c       0x2a ./Drivers/STM32H5xx_HAL_Driver/stm32h5xx_hal_adc_ex.o
 .text.LL_ADC_SetChannelSamplingTime
                0x08004a76       0x56 ./Drivers/STM32H5xx_HAL_Driver/stm32h5xx_hal_adc_ex.o
 .text.LL_ADC_SetChannelSingleDiff
                0x08004acc       0x48 ./Drivers/STM32H5xx_HAL_Driver/stm32h5xx_hal_adc_ex.o
 .text.LL_ADC_GetMultimode
                0x08004b14       0x1c ./Drivers/STM32H5xx_HAL_Driver/stm32h5xx_hal_adc_ex.o
 .text.LL_ADC_IsEnabled
                0x08004b30       0x26 ./Drivers/STM32H5xx_HAL_Driver/stm32h5xx_hal_adc_ex.o
 .text.LL_ADC_StartCalibration
                0x08004b56       0x32 ./Drivers/STM32H5xx_HAL_Driver/stm32h5xx_hal_adc_ex.o
 .text.LL_ADC_IsCalibrationOnGoing
                0x08004b88       0x28 ./Drivers/STM32H5xx_HAL_Driver/stm32h5xx_hal_adc_ex.o
 .text.LL_ADC_REG_IsConversionOngoing
                0x08004bb0       0x26 ./Drivers/STM32H5xx_HAL_Driver/stm32h5xx_hal_adc_ex.o
 .text.LL_ADC_INJ_StartConversion
                0x08004bd6       0x28 ./Drivers/STM32H5xx_HAL_Driver/stm32h5xx_hal_adc_ex.o
 .text.LL_ADC_INJ_IsConversionOngoing
                0x08004bfe       0x26 ./Drivers/STM32H5xx_HAL_Driver/stm32h5xx_hal_adc_ex.o
 .text.HAL_ADCEx_Calibration_Start
                0x08004c24       0xc4 ./Drivers/STM32H5xx_HAL_Driver/stm32h5xx_hal_adc_ex.o
                0x08004c24                HAL_ADCEx_Calibration_Start
 .text.HAL_ADCEx_InjectedStart
                0x08004ce8      0x160 ./Drivers/STM32H5xx_HAL_Driver/stm32h5xx_hal_adc_ex.o
                0x08004ce8                HAL_ADCEx_InjectedStart
 .text.HAL_ADCEx_InjectedStop
                0x08004e48       0x84 ./Drivers/STM32H5xx_HAL_Driver/stm32h5xx_hal_adc_ex.o
                0x08004e48                HAL_ADCEx_InjectedStop
 .text.HAL_ADCEx_InjectedPollForConversion
                0x08004ecc      0x188 ./Drivers/STM32H5xx_HAL_Driver/stm32h5xx_hal_adc_ex.o
                0x08004ecc                HAL_ADCEx_InjectedPollForConversion
 .text.HAL_ADCEx_InjectedGetValue
                0x08005054       0x70 ./Drivers/STM32H5xx_HAL_Driver/stm32h5xx_hal_adc_ex.o
                0x08005054                HAL_ADCEx_InjectedGetValue
 .text.HAL_ADCEx_InjectedConvCpltCallback
                0x080050c4       0x14 ./Drivers/STM32H5xx_HAL_Driver/stm32h5xx_hal_adc_ex.o
                0x080050c4                HAL_ADCEx_InjectedConvCpltCallback
 .text.HAL_ADCEx_InjectedQueueOverflowCallback
                0x080050d8       0x14 ./Drivers/STM32H5xx_HAL_Driver/stm32h5xx_hal_adc_ex.o
                0x080050d8                HAL_ADCEx_InjectedQueueOverflowCallback
 .text.HAL_ADCEx_LevelOutOfWindow2Callback
                0x080050ec       0x14 ./Drivers/STM32H5xx_HAL_Driver/stm32h5xx_hal_adc_ex.o
                0x080050ec                HAL_ADCEx_LevelOutOfWindow2Callback
 .text.HAL_ADCEx_LevelOutOfWindow3Callback
                0x08005100       0x14 ./Drivers/STM32H5xx_HAL_Driver/stm32h5xx_hal_adc_ex.o
                0x08005100                HAL_ADCEx_LevelOutOfWindow3Callback
 .text.HAL_ADCEx_EndOfSamplingCallback
                0x08005114       0x14 ./Drivers/STM32H5xx_HAL_Driver/stm32h5xx_hal_adc_ex.o
                0x08005114                HAL_ADCEx_EndOfSamplingCallback
 .text.HAL_ADCEx_InjectedConfigChannel
                0x08005128      0xa00 ./Drivers/STM32H5xx_HAL_Driver/stm32h5xx_hal_adc_ex.o
                0x08005128                HAL_ADCEx_InjectedConfigChannel
 .text.HAL_ADCEx_DisableInjectedQueue
                0x08005b28       0x4e ./Drivers/STM32H5xx_HAL_Driver/stm32h5xx_hal_adc_ex.o
                0x08005b28                HAL_ADCEx_DisableInjectedQueue
 *fill*         0x08005b76        0x2 
 .text.__NVIC_SetPriorityGrouping
                0x08005b78       0x48 ./Drivers/STM32H5xx_HAL_Driver/stm32h5xx_hal_cortex.o
 .text.__NVIC_GetPriorityGrouping
                0x08005bc0       0x1c ./Drivers/STM32H5xx_HAL_Driver/stm32h5xx_hal_cortex.o
 .text.__NVIC_EnableIRQ
                0x08005bdc       0x3c ./Drivers/STM32H5xx_HAL_Driver/stm32h5xx_hal_cortex.o
 .text.__NVIC_SetPriority
                0x08005c18       0x54 ./Drivers/STM32H5xx_HAL_Driver/stm32h5xx_hal_cortex.o
 .text.NVIC_EncodePriority
                0x08005c6c       0x66 ./Drivers/STM32H5xx_HAL_Driver/stm32h5xx_hal_cortex.o
 .text.HAL_NVIC_SetPriorityGrouping
                0x08005cd2       0x16 ./Drivers/STM32H5xx_HAL_Driver/stm32h5xx_hal_cortex.o
                0x08005cd2                HAL_NVIC_SetPriorityGrouping
 .text.HAL_NVIC_SetPriority
                0x08005ce8       0x34 ./Drivers/STM32H5xx_HAL_Driver/stm32h5xx_hal_cortex.o
                0x08005ce8                HAL_NVIC_SetPriority
 .text.HAL_NVIC_EnableIRQ
                0x08005d1c       0x1c ./Drivers/STM32H5xx_HAL_Driver/stm32h5xx_hal_cortex.o
                0x08005d1c                HAL_NVIC_EnableIRQ
 .text.HAL_SYSTICK_Config
                0x08005d38       0x44 ./Drivers/STM32H5xx_HAL_Driver/stm32h5xx_hal_cortex.o
                0x08005d38                HAL_SYSTICK_Config
 .text.HAL_SYSTICK_CLKSourceConfig
                0x08005d7c       0xb0 ./Drivers/STM32H5xx_HAL_Driver/stm32h5xx_hal_cortex.o
                0x08005d7c                HAL_SYSTICK_CLKSourceConfig
 .text.HAL_SYSTICK_GetCLKSourceConfig
                0x08005e2c       0x6c ./Drivers/STM32H5xx_HAL_Driver/stm32h5xx_hal_cortex.o
                0x08005e2c                HAL_SYSTICK_GetCLKSourceConfig
 .text.HAL_DMA_Abort
                0x08005e98       0xf8 ./Drivers/STM32H5xx_HAL_Driver/stm32h5xx_hal_dma.o
                0x08005e98                HAL_DMA_Abort
 .text.HAL_DMA_Abort_IT
                0x08005f90       0x52 ./Drivers/STM32H5xx_HAL_Driver/stm32h5xx_hal_dma.o
                0x08005f90                HAL_DMA_Abort_IT
 *fill*         0x08005fe2        0x2 
 .text.HAL_GPIO_Init
                0x08005fe4      0x2bc ./Drivers/STM32H5xx_HAL_Driver/stm32h5xx_hal_gpio.o
                0x08005fe4                HAL_GPIO_Init
 .text.HAL_GPIO_WritePin
                0x080062a0       0x30 ./Drivers/STM32H5xx_HAL_Driver/stm32h5xx_hal_gpio.o
                0x080062a0                HAL_GPIO_WritePin
 .text.HAL_PWREx_DisableUCPDDeadBattery
                0x080062d0       0x20 ./Drivers/STM32H5xx_HAL_Driver/stm32h5xx_hal_pwr_ex.o
                0x080062d0                HAL_PWREx_DisableUCPDDeadBattery
 .text.HAL_RCC_OscConfig
                0x080062f0      0x870 ./Drivers/STM32H5xx_HAL_Driver/stm32h5xx_hal_rcc.o
                0x080062f0                HAL_RCC_OscConfig
 .text.HAL_RCC_ClockConfig
                0x08006b60      0x370 ./Drivers/STM32H5xx_HAL_Driver/stm32h5xx_hal_rcc.o
                0x08006b60                HAL_RCC_ClockConfig
 .text.HAL_RCC_GetSysClockFreq
                0x08006ed0      0x258 ./Drivers/STM32H5xx_HAL_Driver/stm32h5xx_hal_rcc.o
                0x08006ed0                HAL_RCC_GetSysClockFreq
 .text.HAL_RCC_GetHCLKFreq
                0x08007128       0x38 ./Drivers/STM32H5xx_HAL_Driver/stm32h5xx_hal_rcc.o
                0x08007128                HAL_RCC_GetHCLKFreq
 .text.HAL_RCC_GetPCLK1Freq
                0x08007160       0x2c ./Drivers/STM32H5xx_HAL_Driver/stm32h5xx_hal_rcc.o
                0x08007160                HAL_RCC_GetPCLK1Freq
 .text.HAL_RCC_GetPCLK2Freq
                0x0800718c       0x2c ./Drivers/STM32H5xx_HAL_Driver/stm32h5xx_hal_rcc.o
                0x0800718c                HAL_RCC_GetPCLK2Freq
 .text.HAL_RCC_GetPCLK3Freq
                0x080071b8       0x2c ./Drivers/STM32H5xx_HAL_Driver/stm32h5xx_hal_rcc.o
                0x080071b8                HAL_RCC_GetPCLK3Freq
 .text.HAL_RCCEx_PeriphCLKConfig
                0x080071e4     0x1e8c ./Drivers/STM32H5xx_HAL_Driver/stm32h5xx_hal_rcc_ex.o
                0x080071e4                HAL_RCCEx_PeriphCLKConfig
 .text.HAL_RCCEx_GetPLL1ClockFreq
                0x08009070      0x2d8 ./Drivers/STM32H5xx_HAL_Driver/stm32h5xx_hal_rcc_ex.o
                0x08009070                HAL_RCCEx_GetPLL1ClockFreq
 .text.HAL_RCCEx_GetPLL2ClockFreq
                0x08009348      0x2d8 ./Drivers/STM32H5xx_HAL_Driver/stm32h5xx_hal_rcc_ex.o
                0x08009348                HAL_RCCEx_GetPLL2ClockFreq
 .text.HAL_RCCEx_GetPLL3ClockFreq
                0x08009620      0x2d8 ./Drivers/STM32H5xx_HAL_Driver/stm32h5xx_hal_rcc_ex.o
                0x08009620                HAL_RCCEx_GetPLL3ClockFreq
 .text.HAL_RCCEx_GetPeriphCLKFreq
                0x080098f8     0x264c ./Drivers/STM32H5xx_HAL_Driver/stm32h5xx_hal_rcc_ex.o
                0x080098f8                HAL_RCCEx_GetPeriphCLKFreq
 .text.RCCEx_PLL2_Config
                0x0800bf44      0x130 ./Drivers/STM32H5xx_HAL_Driver/stm32h5xx_hal_rcc_ex.o
 .text.RCCEx_PLL3_Config
                0x0800c074      0x130 ./Drivers/STM32H5xx_HAL_Driver/stm32h5xx_hal_rcc_ex.o
 .text.HAL_RTC_Init
                0x0800c1a4      0x104 ./Drivers/STM32H5xx_HAL_Driver/stm32h5xx_hal_rtc.o
                0x0800c1a4                HAL_RTC_Init
 .text.HAL_RTC_SetTime
                0x0800c2a8      0x124 ./Drivers/STM32H5xx_HAL_Driver/stm32h5xx_hal_rtc.o
                0x0800c2a8                HAL_RTC_SetTime
 .text.HAL_RTC_GetTime
                0x0800c3cc       0xc4 ./Drivers/STM32H5xx_HAL_Driver/stm32h5xx_hal_rtc.o
                0x0800c3cc                HAL_RTC_GetTime
 .text.HAL_RTC_SetDate
                0x0800c490      0x10c ./Drivers/STM32H5xx_HAL_Driver/stm32h5xx_hal_rtc.o
                0x0800c490                HAL_RTC_SetDate
 .text.HAL_RTC_GetDate
                0x0800c59c       0x9c ./Drivers/STM32H5xx_HAL_Driver/stm32h5xx_hal_rtc.o
                0x0800c59c                HAL_RTC_GetDate
 .text.HAL_RTC_WaitForSynchro
                0x0800c638       0x64 ./Drivers/STM32H5xx_HAL_Driver/stm32h5xx_hal_rtc.o
                0x0800c638                HAL_RTC_WaitForSynchro
 .text.RTC_EnterInitMode
                0x0800c69c       0x78 ./Drivers/STM32H5xx_HAL_Driver/stm32h5xx_hal_rtc.o
                0x0800c69c                RTC_EnterInitMode
 .text.RTC_ExitInitMode
                0x0800c714       0x7c ./Drivers/STM32H5xx_HAL_Driver/stm32h5xx_hal_rtc.o
                0x0800c714                RTC_ExitInitMode
 .text.RTC_ByteToBcd2
                0x0800c790       0x40 ./Drivers/STM32H5xx_HAL_Driver/stm32h5xx_hal_rtc.o
                0x0800c790                RTC_ByteToBcd2
 .text.RTC_Bcd2ToByte
                0x0800c7d0       0x38 ./Drivers/STM32H5xx_HAL_Driver/stm32h5xx_hal_rtc.o
                0x0800c7d0                RTC_Bcd2ToByte
 .text.HAL_RTCEx_SetTimeStamp
                0x0800c808       0x6c ./Drivers/STM32H5xx_HAL_Driver/stm32h5xx_hal_rtc_ex.o
                0x0800c808                HAL_RTCEx_SetTimeStamp
 .text.HAL_RTCEx_PrivilegeModeSet
                0x0800c874       0x5c ./Drivers/STM32H5xx_HAL_Driver/stm32h5xx_hal_rtc_ex.o
                0x0800c874                HAL_RTCEx_PrivilegeModeSet
 .text.HAL_TIM_Base_Init
                0x0800c8d0       0xae ./Drivers/STM32H5xx_HAL_Driver/stm32h5xx_hal_tim.o
                0x0800c8d0                HAL_TIM_Base_Init
 *fill*         0x0800c97e        0x2 
 .text.HAL_TIM_Base_Start
                0x0800c980      0x14c ./Drivers/STM32H5xx_HAL_Driver/stm32h5xx_hal_tim.o
                0x0800c980                HAL_TIM_Base_Start
 .text.HAL_TIM_ConfigClockSource
                0x0800cacc      0x23c ./Drivers/STM32H5xx_HAL_Driver/stm32h5xx_hal_tim.o
                0x0800cacc                HAL_TIM_ConfigClockSource
 .text.TIM_Base_SetConfig
                0x0800cd08      0x254 ./Drivers/STM32H5xx_HAL_Driver/stm32h5xx_hal_tim.o
                0x0800cd08                TIM_Base_SetConfig
 .text.TIM_TI1_ConfigInputStage
                0x0800cf5c       0x5e ./Drivers/STM32H5xx_HAL_Driver/stm32h5xx_hal_tim.o
 .text.TIM_TI2_ConfigInputStage
                0x0800cfba       0x60 ./Drivers/STM32H5xx_HAL_Driver/stm32h5xx_hal_tim.o
 .text.TIM_ITRx_SetConfig
                0x0800d01a       0x3a ./Drivers/STM32H5xx_HAL_Driver/stm32h5xx_hal_tim.o
 .text.TIM_ETR_SetConfig
                0x0800d054       0x40 ./Drivers/STM32H5xx_HAL_Driver/stm32h5xx_hal_tim.o
                0x0800d054                TIM_ETR_SetConfig
 .text.HAL_TIMEx_MasterConfigSynchronization
                0x0800d094      0x1a0 ./Drivers/STM32H5xx_HAL_Driver/stm32h5xx_hal_tim_ex.o
                0x0800d094                HAL_TIMEx_MasterConfigSynchronization
 .text.HAL_UART_Init
                0x0800d234       0xa0 ./Drivers/STM32H5xx_HAL_Driver/stm32h5xx_hal_uart.o
                0x0800d234                HAL_UART_Init
 .text.HAL_UART_Transmit
                0x0800d2d4      0x13c ./Drivers/STM32H5xx_HAL_Driver/stm32h5xx_hal_uart.o
                0x0800d2d4                HAL_UART_Transmit
 .text.HAL_UART_Receive_IT
                0x0800d410       0xc4 ./Drivers/STM32H5xx_HAL_Driver/stm32h5xx_hal_uart.o
                0x0800d410                HAL_UART_Receive_IT
 .text.HAL_UART_IRQHandler
                0x0800d4d4      0x5dc ./Drivers/STM32H5xx_HAL_Driver/stm32h5xx_hal_uart.o
                0x0800d4d4                HAL_UART_IRQHandler
 .text.HAL_UART_TxCpltCallback
                0x0800dab0       0x14 ./Drivers/STM32H5xx_HAL_Driver/stm32h5xx_hal_uart.o
                0x0800dab0                HAL_UART_TxCpltCallback
 .text.HAL_UART_ErrorCallback
                0x0800dac4       0x14 ./Drivers/STM32H5xx_HAL_Driver/stm32h5xx_hal_uart.o
                0x0800dac4                HAL_UART_ErrorCallback
 .text.HAL_UARTEx_RxEventCallback
                0x0800dad8       0x18 ./Drivers/STM32H5xx_HAL_Driver/stm32h5xx_hal_uart.o
                0x0800dad8                HAL_UARTEx_RxEventCallback
 .text.UART_SetConfig
                0x0800daf0      0x3dc ./Drivers/STM32H5xx_HAL_Driver/stm32h5xx_hal_uart.o
                0x0800daf0                UART_SetConfig
 .text.UART_AdvFeatureConfig
                0x0800decc      0x144 ./Drivers/STM32H5xx_HAL_Driver/stm32h5xx_hal_uart.o
                0x0800decc                UART_AdvFeatureConfig
 .text.UART_CheckIdleState
                0x0800e010      0x154 ./Drivers/STM32H5xx_HAL_Driver/stm32h5xx_hal_uart.o
                0x0800e010                UART_CheckIdleState
 .text.UART_WaitOnFlagUntilTimeout
                0x0800e164       0xda ./Drivers/STM32H5xx_HAL_Driver/stm32h5xx_hal_uart.o
                0x0800e164                UART_WaitOnFlagUntilTimeout
 *fill*         0x0800e23e        0x2 
 .text.UART_Start_Receive_IT
                0x0800e240      0x244 ./Drivers/STM32H5xx_HAL_Driver/stm32h5xx_hal_uart.o
                0x0800e240                UART_Start_Receive_IT
 .text.UART_EndRxTransfer
                0x0800e484       0xcc ./Drivers/STM32H5xx_HAL_Driver/stm32h5xx_hal_uart.o
 .text.UART_DMAAbortOnError
                0x0800e550       0x24 ./Drivers/STM32H5xx_HAL_Driver/stm32h5xx_hal_uart.o
 .text.UART_EndTransmit_IT
                0x0800e574       0x56 ./Drivers/STM32H5xx_HAL_Driver/stm32h5xx_hal_uart.o
 *fill*         0x0800e5ca        0x2 
 .text.UART_RxISR_8BIT
                0x0800e5cc      0x1c4 ./Drivers/STM32H5xx_HAL_Driver/stm32h5xx_hal_uart.o
 .text.UART_RxISR_16BIT
                0x0800e790      0x1c4 ./Drivers/STM32H5xx_HAL_Driver/stm32h5xx_hal_uart.o
 .text.UART_RxISR_8BIT_FIFOEN
                0x0800e954      0x370 ./Drivers/STM32H5xx_HAL_Driver/stm32h5xx_hal_uart.o
 .text.UART_RxISR_16BIT_FIFOEN
                0x0800ecc4      0x378 ./Drivers/STM32H5xx_HAL_Driver/stm32h5xx_hal_uart.o
 .text.HAL_UARTEx_WakeupCallback
                0x0800f03c       0x14 ./Drivers/STM32H5xx_HAL_Driver/stm32h5xx_hal_uart_ex.o
                0x0800f03c                HAL_UARTEx_WakeupCallback
 .text.HAL_UARTEx_RxFifoFullCallback
                0x0800f050       0x14 ./Drivers/STM32H5xx_HAL_Driver/stm32h5xx_hal_uart_ex.o
                0x0800f050                HAL_UARTEx_RxFifoFullCallback
 .text.HAL_UARTEx_TxFifoEmptyCallback
                0x0800f064       0x14 ./Drivers/STM32H5xx_HAL_Driver/stm32h5xx_hal_uart_ex.o
                0x0800f064                HAL_UARTEx_TxFifoEmptyCallback
 .text.HAL_UARTEx_DisableFifoMode
                0x0800f078       0x72 ./Drivers/STM32H5xx_HAL_Driver/stm32h5xx_hal_uart_ex.o
                0x0800f078                HAL_UARTEx_DisableFifoMode
 .text.HAL_UARTEx_SetTxFifoThreshold
                0x0800f0ea       0x7c ./Drivers/STM32H5xx_HAL_Driver/stm32h5xx_hal_uart_ex.o
                0x0800f0ea                HAL_UARTEx_SetTxFifoThreshold
 .text.HAL_UARTEx_SetRxFifoThreshold
                0x0800f166       0x7c ./Drivers/STM32H5xx_HAL_Driver/stm32h5xx_hal_uart_ex.o
                0x0800f166                HAL_UARTEx_SetRxFifoThreshold
 *fill*         0x0800f1e2        0x2 
 .text.UARTEx_SetNbDataToProcess
                0x0800f1e4       0x9c ./Drivers/STM32H5xx_HAL_Driver/stm32h5xx_hal_uart_ex.o
 .text.arm_rfft_32_fast_init_f32
                0x0800f280       0x24 C:/Users/nicek/STM32Cube/Repository/Packs/STMicroelectronics/X-CUBE-ALGOBUILD/1.4.0/Middlewares/Third_Party/ARM/DSP/Lib\libarm_ARMv8MMLlfsp_math.a(arm_rfft_fast_init_f32.o)
 .text.arm_rfft_64_fast_init_f32
                0x0800f2a4       0x24 C:/Users/nicek/STM32Cube/Repository/Packs/STMicroelectronics/X-CUBE-ALGOBUILD/1.4.0/Middlewares/Third_Party/ARM/DSP/Lib\libarm_ARMv8MMLlfsp_math.a(arm_rfft_fast_init_f32.o)
 .text.arm_rfft_128_fast_init_f32
                0x0800f2c8       0x24 C:/Users/nicek/STM32Cube/Repository/Packs/STMicroelectronics/X-CUBE-ALGOBUILD/1.4.0/Middlewares/Third_Party/ARM/DSP/Lib\libarm_ARMv8MMLlfsp_math.a(arm_rfft_fast_init_f32.o)
 .text.arm_rfft_256_fast_init_f32
                0x0800f2ec       0x24 C:/Users/nicek/STM32Cube/Repository/Packs/STMicroelectronics/X-CUBE-ALGOBUILD/1.4.0/Middlewares/Third_Party/ARM/DSP/Lib\libarm_ARMv8MMLlfsp_math.a(arm_rfft_fast_init_f32.o)
 .text.arm_rfft_512_fast_init_f32
                0x0800f310       0x28 C:/Users/nicek/STM32Cube/Repository/Packs/STMicroelectronics/X-CUBE-ALGOBUILD/1.4.0/Middlewares/Third_Party/ARM/DSP/Lib\libarm_ARMv8MMLlfsp_math.a(arm_rfft_fast_init_f32.o)
 .text.arm_rfft_1024_fast_init_f32
                0x0800f338       0x28 C:/Users/nicek/STM32Cube/Repository/Packs/STMicroelectronics/X-CUBE-ALGOBUILD/1.4.0/Middlewares/Third_Party/ARM/DSP/Lib\libarm_ARMv8MMLlfsp_math.a(arm_rfft_fast_init_f32.o)
 .text.arm_rfft_2048_fast_init_f32
                0x0800f360       0x28 C:/Users/nicek/STM32Cube/Repository/Packs/STMicroelectronics/X-CUBE-ALGOBUILD/1.4.0/Middlewares/Third_Party/ARM/DSP/Lib\libarm_ARMv8MMLlfsp_math.a(arm_rfft_fast_init_f32.o)
 .text.arm_rfft_4096_fast_init_f32
                0x0800f388       0x28 C:/Users/nicek/STM32Cube/Repository/Packs/STMicroelectronics/X-CUBE-ALGOBUILD/1.4.0/Middlewares/Third_Party/ARM/DSP/Lib\libarm_ARMv8MMLlfsp_math.a(arm_rfft_fast_init_f32.o)
 .text.arm_rfft_fast_init_f32
                0x0800f3b0       0x74 C:/Users/nicek/STM32Cube/Repository/Packs/STMicroelectronics/X-CUBE-ALGOBUILD/1.4.0/Middlewares/Third_Party/ARM/DSP/Lib\libarm_ARMv8MMLlfsp_math.a(arm_rfft_fast_init_f32.o)
                0x0800f3b0                arm_rfft_fast_init_f32
 .text.stage_rfft_f32
                0x0800f424       0xbc C:/Users/nicek/STM32Cube/Repository/Packs/STMicroelectronics/X-CUBE-ALGOBUILD/1.4.0/Middlewares/Third_Party/ARM/DSP/Lib\libarm_ARMv8MMLlfsp_math.a(arm_rfft_fast_f32.o)
                0x0800f424                stage_rfft_f32
 .text.merge_rfft_f32
                0x0800f4e0       0xac C:/Users/nicek/STM32Cube/Repository/Packs/STMicroelectronics/X-CUBE-ALGOBUILD/1.4.0/Middlewares/Third_Party/ARM/DSP/Lib\libarm_ARMv8MMLlfsp_math.a(arm_rfft_fast_f32.o)
                0x0800f4e0                merge_rfft_f32
 .text.arm_rfft_fast_f32
                0x0800f58c       0x38 C:/Users/nicek/STM32Cube/Repository/Packs/STMicroelectronics/X-CUBE-ALGOBUILD/1.4.0/Middlewares/Third_Party/ARM/DSP/Lib\libarm_ARMv8MMLlfsp_math.a(arm_rfft_fast_f32.o)
                0x0800f58c                arm_rfft_fast_f32
 .text.arm_cfft_radix8by2_f32
                0x0800f5c4      0x19c C:/Users/nicek/STM32Cube/Repository/Packs/STMicroelectronics/X-CUBE-ALGOBUILD/1.4.0/Middlewares/Third_Party/ARM/DSP/Lib\libarm_ARMv8MMLlfsp_math.a(arm_cfft_f32.o)
                0x0800f5c4                arm_cfft_radix8by2_f32
 .text.arm_cfft_radix8by4_f32
                0x0800f760      0x4bc C:/Users/nicek/STM32Cube/Repository/Packs/STMicroelectronics/X-CUBE-ALGOBUILD/1.4.0/Middlewares/Third_Party/ARM/DSP/Lib\libarm_ARMv8MMLlfsp_math.a(arm_cfft_f32.o)
                0x0800f760                arm_cfft_radix8by4_f32
 .text.arm_cfft_f32
                0x0800fc1c       0xec C:/Users/nicek/STM32Cube/Repository/Packs/STMicroelectronics/X-CUBE-ALGOBUILD/1.4.0/Middlewares/Third_Party/ARM/DSP/Lib\libarm_ARMv8MMLlfsp_math.a(arm_cfft_f32.o)
                0x0800fc1c                arm_cfft_f32
 .text.arm_bitreversal_32
                0x0800fd08       0x50 C:/Users/nicek/STM32Cube/Repository/Packs/STMicroelectronics/X-CUBE-ALGOBUILD/1.4.0/Middlewares/Third_Party/ARM/DSP/Lib\libarm_ARMv8MMLlfsp_math.a(arm_bitreversal2.o)
                0x0800fd08                arm_bitreversal_32
 .text.arm_cmplx_mag_f32
                0x0800fd58      0x248 C:/Users/nicek/STM32Cube/Repository/Packs/STMicroelectronics/X-CUBE-ALGOBUILD/1.4.0/Middlewares/Third_Party/ARM/DSP/Lib\libarm_ARMv8MMLlfsp_math.a(arm_cmplx_mag_f32.o)
                0x0800fd58                arm_cmplx_mag_f32
 .text.arm_cfft_init_f32
                0x0800ffa0       0xa0 C:/Users/nicek/STM32Cube/Repository/Packs/STMicroelectronics/X-CUBE-ALGOBUILD/1.4.0/Middlewares/Third_Party/ARM/DSP/Lib\libarm_ARMv8MMLlfsp_math.a(arm_cfft_init_f32.o)
                0x0800ffa0                arm_cfft_init_f32
 .text.arm_radix8_butterfly_f32
                0x08010040      0x580 C:/Users/nicek/STM32Cube/Repository/Packs/STMicroelectronics/X-CUBE-ALGOBUILD/1.4.0/Middlewares/Third_Party/ARM/DSP/Lib\libarm_ARMv8MMLlfsp_math.a(arm_cfft_radix8_f32.o)
                0x08010040                arm_radix8_butterfly_f32
 .text.atoi     0x080105c0        0x8 C:/ST/STM32CubeIDE_1.15.1/STM32CubeIDE/plugins/com.st.stm32cube.ide.mcu.externaltools.gnu-tools-for-stm32.13.3.rel1.win32_1.0.0.202411081344/tools/bin/../lib/gcc/arm-none-eabi/13.3.1/../../../../arm-none-eabi/lib/thumb/v8-m.main+fp/hard\libc_nano.a(libc_a-atoi.o)
                0x080105c0                atoi
 .text.malloc   0x080105c8       0x10 C:/ST/STM32CubeIDE_1.15.1/STM32CubeIDE/plugins/com.st.stm32cube.ide.mcu.externaltools.gnu-tools-for-stm32.13.3.rel1.win32_1.0.0.202411081344/tools/bin/../lib/gcc/arm-none-eabi/13.3.1/../../../../arm-none-eabi/lib/thumb/v8-m.main+fp/hard\libc_nano.a(libc_a-malloc.o)
                0x080105c8                malloc
 .text.sbrk_aligned
                0x080105d8       0x44 C:/ST/STM32CubeIDE_1.15.1/STM32CubeIDE/plugins/com.st.stm32cube.ide.mcu.externaltools.gnu-tools-for-stm32.13.3.rel1.win32_1.0.0.202411081344/tools/bin/../lib/gcc/arm-none-eabi/13.3.1/../../../../arm-none-eabi/lib/thumb/v8-m.main+fp/hard\libc_nano.a(libc_a-mallocr.o)
 .text._malloc_r
                0x0801061c      0x100 C:/ST/STM32CubeIDE_1.15.1/STM32CubeIDE/plugins/com.st.stm32cube.ide.mcu.externaltools.gnu-tools-for-stm32.13.3.rel1.win32_1.0.0.202411081344/tools/bin/../lib/gcc/arm-none-eabi/13.3.1/../../../../arm-none-eabi/lib/thumb/v8-m.main+fp/hard\libc_nano.a(libc_a-mallocr.o)
                0x0801061c                _malloc_r
 .text.__malloc_lock
                0x0801071c        0xc C:/ST/STM32CubeIDE_1.15.1/STM32CubeIDE/plugins/com.st.stm32cube.ide.mcu.externaltools.gnu-tools-for-stm32.13.3.rel1.win32_1.0.0.202411081344/tools/bin/../lib/gcc/arm-none-eabi/13.3.1/../../../../arm-none-eabi/lib/thumb/v8-m.main+fp/hard\libc_nano.a(libc_a-mlock.o)
                0x0801071c                __malloc_lock
 .text.__malloc_unlock
                0x08010728        0xc C:/ST/STM32CubeIDE_1.15.1/STM32CubeIDE/plugins/com.st.stm32cube.ide.mcu.externaltools.gnu-tools-for-stm32.13.3.rel1.win32_1.0.0.202411081344/tools/bin/../lib/gcc/arm-none-eabi/13.3.1/../../../../arm-none-eabi/lib/thumb/v8-m.main+fp/hard\libc_nano.a(libc_a-mlock.o)
                0x08010728                __malloc_unlock
 .text._realloc_r
                0x08010734       0x5c C:/ST/STM32CubeIDE_1.15.1/STM32CubeIDE/plugins/com.st.stm32cube.ide.mcu.externaltools.gnu-tools-for-stm32.13.3.rel1.win32_1.0.0.202411081344/tools/bin/../lib/gcc/arm-none-eabi/13.3.1/../../../../arm-none-eabi/lib/thumb/v8-m.main+fp/hard\libc_nano.a(libc_a-reallocr.o)
                0x08010734                _realloc_r
 .text._strtol_l.isra.0
                0x08010790       0xf4 C:/ST/STM32CubeIDE_1.15.1/STM32CubeIDE/plugins/com.st.stm32cube.ide.mcu.externaltools.gnu-tools-for-stm32.13.3.rel1.win32_1.0.0.202411081344/tools/bin/../lib/gcc/arm-none-eabi/13.3.1/../../../../arm-none-eabi/lib/thumb/v8-m.main+fp/hard\libc_nano.a(libc_a-strtol.o)
 .text.strtol   0x08010884       0x14 C:/ST/STM32CubeIDE_1.15.1/STM32CubeIDE/plugins/com.st.stm32cube.ide.mcu.externaltools.gnu-tools-for-stm32.13.3.rel1.win32_1.0.0.202411081344/tools/bin/../lib/gcc/arm-none-eabi/13.3.1/../../../../arm-none-eabi/lib/thumb/v8-m.main+fp/hard\libc_nano.a(libc_a-strtol.o)
                0x08010884                strtol
 .text.__cvt    0x08010898       0xca C:/ST/STM32CubeIDE_1.15.1/STM32CubeIDE/plugins/com.st.stm32cube.ide.mcu.externaltools.gnu-tools-for-stm32.13.3.rel1.win32_1.0.0.202411081344/tools/bin/../lib/gcc/arm-none-eabi/13.3.1/../../../../arm-none-eabi/lib/thumb/v8-m.main+fp/hard\libc_nano.a(libc_a-nano-vfprintf_float.o)
                0x08010898                __cvt
 .text.__exponent
                0x08010962       0x72 C:/ST/STM32CubeIDE_1.15.1/STM32CubeIDE/plugins/com.st.stm32cube.ide.mcu.externaltools.gnu-tools-for-stm32.13.3.rel1.win32_1.0.0.202411081344/tools/bin/../lib/gcc/arm-none-eabi/13.3.1/../../../../arm-none-eabi/lib/thumb/v8-m.main+fp/hard\libc_nano.a(libc_a-nano-vfprintf_float.o)
                0x08010962                __exponent
 .text._printf_float
                0x080109d4      0x454 C:/ST/STM32CubeIDE_1.15.1/STM32CubeIDE/plugins/com.st.stm32cube.ide.mcu.externaltools.gnu-tools-for-stm32.13.3.rel1.win32_1.0.0.202411081344/tools/bin/../lib/gcc/arm-none-eabi/13.3.1/../../../../arm-none-eabi/lib/thumb/v8-m.main+fp/hard\libc_nano.a(libc_a-nano-vfprintf_float.o)
                0x080109d4                _printf_float
 .text._printf_common
                0x08010e28       0xe4 C:/ST/STM32CubeIDE_1.15.1/STM32CubeIDE/plugins/com.st.stm32cube.ide.mcu.externaltools.gnu-tools-for-stm32.13.3.rel1.win32_1.0.0.202411081344/tools/bin/../lib/gcc/arm-none-eabi/13.3.1/../../../../arm-none-eabi/lib/thumb/v8-m.main+fp/hard\libc_nano.a(libc_a-nano-vfprintf_i.o)
                0x08010e28                _printf_common
 .text._printf_i
                0x08010f0c      0x23c C:/ST/STM32CubeIDE_1.15.1/STM32CubeIDE/plugins/com.st.stm32cube.ide.mcu.externaltools.gnu-tools-for-stm32.13.3.rel1.win32_1.0.0.202411081344/tools/bin/../lib/gcc/arm-none-eabi/13.3.1/../../../../arm-none-eabi/lib/thumb/v8-m.main+fp/hard\libc_nano.a(libc_a-nano-vfprintf_i.o)
                0x08010f0c                _printf_i
 .text.__sflush_r
                0x08011148      0x108 C:/ST/STM32CubeIDE_1.15.1/STM32CubeIDE/plugins/com.st.stm32cube.ide.mcu.externaltools.gnu-tools-for-stm32.13.3.rel1.win32_1.0.0.202411081344/tools/bin/../lib/gcc/arm-none-eabi/13.3.1/../../../../arm-none-eabi/lib/thumb/v8-m.main+fp/hard\libc_nano.a(libc_a-fflush.o)
                0x08011148                __sflush_r
 .text._fflush_r
                0x08011250       0x50 C:/ST/STM32CubeIDE_1.15.1/STM32CubeIDE/plugins/com.st.stm32cube.ide.mcu.externaltools.gnu-tools-for-stm32.13.3.rel1.win32_1.0.0.202411081344/tools/bin/../lib/gcc/arm-none-eabi/13.3.1/../../../../arm-none-eabi/lib/thumb/v8-m.main+fp/hard\libc_nano.a(libc_a-fflush.o)
                0x08011250                _fflush_r
 .text.std      0x080112a0       0x6c C:/ST/STM32CubeIDE_1.15.1/STM32CubeIDE/plugins/com.st.stm32cube.ide.mcu.externaltools.gnu-tools-for-stm32.13.3.rel1.win32_1.0.0.202411081344/tools/bin/../lib/gcc/arm-none-eabi/13.3.1/../../../../arm-none-eabi/lib/thumb/v8-m.main+fp/hard\libc_nano.a(libc_a-findfp.o)
 .text.stdio_exit_handler
                0x0801130c       0x18 C:/ST/STM32CubeIDE_1.15.1/STM32CubeIDE/plugins/com.st.stm32cube.ide.mcu.externaltools.gnu-tools-for-stm32.13.3.rel1.win32_1.0.0.202411081344/tools/bin/../lib/gcc/arm-none-eabi/13.3.1/../../../../arm-none-eabi/lib/thumb/v8-m.main+fp/hard\libc_nano.a(libc_a-findfp.o)
 .text.cleanup_stdio
                0x08011324       0x40 C:/ST/STM32CubeIDE_1.15.1/STM32CubeIDE/plugins/com.st.stm32cube.ide.mcu.externaltools.gnu-tools-for-stm32.13.3.rel1.win32_1.0.0.202411081344/tools/bin/../lib/gcc/arm-none-eabi/13.3.1/../../../../arm-none-eabi/lib/thumb/v8-m.main+fp/hard\libc_nano.a(libc_a-findfp.o)
 .text.global_stdio_init.part.0
                0x08011364       0x3c C:/ST/STM32CubeIDE_1.15.1/STM32CubeIDE/plugins/com.st.stm32cube.ide.mcu.externaltools.gnu-tools-for-stm32.13.3.rel1.win32_1.0.0.202411081344/tools/bin/../lib/gcc/arm-none-eabi/13.3.1/../../../../arm-none-eabi/lib/thumb/v8-m.main+fp/hard\libc_nano.a(libc_a-findfp.o)
 .text.__sfp_lock_acquire
                0x080113a0        0xc C:/ST/STM32CubeIDE_1.15.1/STM32CubeIDE/plugins/com.st.stm32cube.ide.mcu.externaltools.gnu-tools-for-stm32.13.3.rel1.win32_1.0.0.202411081344/tools/bin/../lib/gcc/arm-none-eabi/13.3.1/../../../../arm-none-eabi/lib/thumb/v8-m.main+fp/hard\libc_nano.a(libc_a-findfp.o)
                0x080113a0                __sfp_lock_acquire
 .text.__sfp_lock_release
                0x080113ac        0xc C:/ST/STM32CubeIDE_1.15.1/STM32CubeIDE/plugins/com.st.stm32cube.ide.mcu.externaltools.gnu-tools-for-stm32.13.3.rel1.win32_1.0.0.202411081344/tools/bin/../lib/gcc/arm-none-eabi/13.3.1/../../../../arm-none-eabi/lib/thumb/v8-m.main+fp/hard\libc_nano.a(libc_a-findfp.o)
                0x080113ac                __sfp_lock_release
 .text.__sinit  0x080113b8       0x30 C:/ST/STM32CubeIDE_1.15.1/STM32CubeIDE/plugins/com.st.stm32cube.ide.mcu.externaltools.gnu-tools-for-stm32.13.3.rel1.win32_1.0.0.202411081344/tools/bin/../lib/gcc/arm-none-eabi/13.3.1/../../../../arm-none-eabi/lib/thumb/v8-m.main+fp/hard\libc_nano.a(libc_a-findfp.o)
                0x080113b8                __sinit
 .text._fwalk_sglue
                0x080113e8       0x3c C:/ST/STM32CubeIDE_1.15.1/STM32CubeIDE/plugins/com.st.stm32cube.ide.mcu.externaltools.gnu-tools-for-stm32.13.3.rel1.win32_1.0.0.202411081344/tools/bin/../lib/gcc/arm-none-eabi/13.3.1/../../../../arm-none-eabi/lib/thumb/v8-m.main+fp/hard\libc_nano.a(libc_a-fwalk.o)
                0x080113e8                _fwalk_sglue
 .text.snprintf
                0x08011424       0x6c C:/ST/STM32CubeIDE_1.15.1/STM32CubeIDE/plugins/com.st.stm32cube.ide.mcu.externaltools.gnu-tools-for-stm32.13.3.rel1.win32_1.0.0.202411081344/tools/bin/../lib/gcc/arm-none-eabi/13.3.1/../../../../arm-none-eabi/lib/thumb/v8-m.main+fp/hard\libc_nano.a(libc_a-snprintf.o)
                0x08011424                sniprintf
                0x08011424                snprintf
 .text.__sread  0x08011490       0x22 C:/ST/STM32CubeIDE_1.15.1/STM32CubeIDE/plugins/com.st.stm32cube.ide.mcu.externaltools.gnu-tools-for-stm32.13.3.rel1.win32_1.0.0.202411081344/tools/bin/../lib/gcc/arm-none-eabi/13.3.1/../../../../arm-none-eabi/lib/thumb/v8-m.main+fp/hard\libc_nano.a(libc_a-stdio.o)
                0x08011490                __sread
 .text.__swrite
                0x080114b2       0x38 C:/ST/STM32CubeIDE_1.15.1/STM32CubeIDE/plugins/com.st.stm32cube.ide.mcu.externaltools.gnu-tools-for-stm32.13.3.rel1.win32_1.0.0.202411081344/tools/bin/../lib/gcc/arm-none-eabi/13.3.1/../../../../arm-none-eabi/lib/thumb/v8-m.main+fp/hard\libc_nano.a(libc_a-stdio.o)
                0x080114b2                __swrite
 .text.__sseek  0x080114ea       0x24 C:/ST/STM32CubeIDE_1.15.1/STM32CubeIDE/plugins/com.st.stm32cube.ide.mcu.externaltools.gnu-tools-for-stm32.13.3.rel1.win32_1.0.0.202411081344/tools/bin/../lib/gcc/arm-none-eabi/13.3.1/../../../../arm-none-eabi/lib/thumb/v8-m.main+fp/hard\libc_nano.a(libc_a-stdio.o)
                0x080114ea                __sseek
 .text.__sclose
                0x0801150e        0x8 C:/ST/STM32CubeIDE_1.15.1/STM32CubeIDE/plugins/com.st.stm32cube.ide.mcu.externaltools.gnu-tools-for-stm32.13.3.rel1.win32_1.0.0.202411081344/tools/bin/../lib/gcc/arm-none-eabi/13.3.1/../../../../arm-none-eabi/lib/thumb/v8-m.main+fp/hard\libc_nano.a(libc_a-stdio.o)
                0x0801150e                __sclose
 .text.memset   0x08011516       0x10 C:/ST/STM32CubeIDE_1.15.1/STM32CubeIDE/plugins/com.st.stm32cube.ide.mcu.externaltools.gnu-tools-for-stm32.13.3.rel1.win32_1.0.0.202411081344/tools/bin/../lib/gcc/arm-none-eabi/13.3.1/../../../../arm-none-eabi/lib/thumb/v8-m.main+fp/hard\libc_nano.a(libc_a-memset.o)
                0x08011516                memset
 .text.strstr   0x08011526       0x2c C:/ST/STM32CubeIDE_1.15.1/STM32CubeIDE/plugins/com.st.stm32cube.ide.mcu.externaltools.gnu-tools-for-stm32.13.3.rel1.win32_1.0.0.202411081344/tools/bin/../lib/gcc/arm-none-eabi/13.3.1/../../../../arm-none-eabi/lib/thumb/v8-m.main+fp/hard\libc_nano.a(libc_a-strstr.o)
                0x08011526                strstr
 *fill*         0x08011552        0x2 
 .text._localeconv_r
                0x08011554        0x8 C:/ST/STM32CubeIDE_1.15.1/STM32CubeIDE/plugins/com.st.stm32cube.ide.mcu.externaltools.gnu-tools-for-stm32.13.3.rel1.win32_1.0.0.202411081344/tools/bin/../lib/gcc/arm-none-eabi/13.3.1/../../../../arm-none-eabi/lib/thumb/v8-m.main+fp/hard\libc_nano.a(libc_a-localeconv.o)
                0x08011554                _localeconv_r
 .text._close_r
                0x0801155c       0x20 C:/ST/STM32CubeIDE_1.15.1/STM32CubeIDE/plugins/com.st.stm32cube.ide.mcu.externaltools.gnu-tools-for-stm32.13.3.rel1.win32_1.0.0.202411081344/tools/bin/../lib/gcc/arm-none-eabi/13.3.1/../../../../arm-none-eabi/lib/thumb/v8-m.main+fp/hard\libc_nano.a(libc_a-closer.o)
                0x0801155c                _close_r
 .text._lseek_r
                0x0801157c       0x24 C:/ST/STM32CubeIDE_1.15.1/STM32CubeIDE/plugins/com.st.stm32cube.ide.mcu.externaltools.gnu-tools-for-stm32.13.3.rel1.win32_1.0.0.202411081344/tools/bin/../lib/gcc/arm-none-eabi/13.3.1/../../../../arm-none-eabi/lib/thumb/v8-m.main+fp/hard\libc_nano.a(libc_a-lseekr.o)
                0x0801157c                _lseek_r
 .text._read_r  0x080115a0       0x24 C:/ST/STM32CubeIDE_1.15.1/STM32CubeIDE/plugins/com.st.stm32cube.ide.mcu.externaltools.gnu-tools-for-stm32.13.3.rel1.win32_1.0.0.202411081344/tools/bin/../lib/gcc/arm-none-eabi/13.3.1/../../../../arm-none-eabi/lib/thumb/v8-m.main+fp/hard\libc_nano.a(libc_a-readr.o)
                0x080115a0                _read_r
 .text._sbrk_r  0x080115c4       0x20 C:/ST/STM32CubeIDE_1.15.1/STM32CubeIDE/plugins/com.st.stm32cube.ide.mcu.externaltools.gnu-tools-for-stm32.13.3.rel1.win32_1.0.0.202411081344/tools/bin/../lib/gcc/arm-none-eabi/13.3.1/../../../../arm-none-eabi/lib/thumb/v8-m.main+fp/hard\libc_nano.a(libc_a-sbrkr.o)
                0x080115c4                _sbrk_r
 .text._write_r
                0x080115e4       0x24 C:/ST/STM32CubeIDE_1.15.1/STM32CubeIDE/plugins/com.st.stm32cube.ide.mcu.externaltools.gnu-tools-for-stm32.13.3.rel1.win32_1.0.0.202411081344/tools/bin/../lib/gcc/arm-none-eabi/13.3.1/../../../../arm-none-eabi/lib/thumb/v8-m.main+fp/hard\libc_nano.a(libc_a-writer.o)
                0x080115e4                _write_r
 .text.__errno  0x08011608        0xc C:/ST/STM32CubeIDE_1.15.1/STM32CubeIDE/plugins/com.st.stm32cube.ide.mcu.externaltools.gnu-tools-for-stm32.13.3.rel1.win32_1.0.0.202411081344/tools/bin/../lib/gcc/arm-none-eabi/13.3.1/../../../../arm-none-eabi/lib/thumb/v8-m.main+fp/hard\libc_nano.a(libc_a-errno.o)
                0x08011608                __errno
 .text.__libc_init_array
                0x08011614       0x48 C:/ST/STM32CubeIDE_1.15.1/STM32CubeIDE/plugins/com.st.stm32cube.ide.mcu.externaltools.gnu-tools-for-stm32.13.3.rel1.win32_1.0.0.202411081344/tools/bin/../lib/gcc/arm-none-eabi/13.3.1/../../../../arm-none-eabi/lib/thumb/v8-m.main+fp/hard\libc_nano.a(libc_a-init.o)
                0x08011614                __libc_init_array
 .text.__retarget_lock_init_recursive
                0x0801165c        0x2 C:/ST/STM32CubeIDE_1.15.1/STM32CubeIDE/plugins/com.st.stm32cube.ide.mcu.externaltools.gnu-tools-for-stm32.13.3.rel1.win32_1.0.0.202411081344/tools/bin/../lib/gcc/arm-none-eabi/13.3.1/../../../../arm-none-eabi/lib/thumb/v8-m.main+fp/hard\libc_nano.a(libc_a-lock.o)
                0x0801165c                __retarget_lock_init_recursive
 .text.__retarget_lock_acquire_recursive
                0x0801165e        0x2 C:/ST/STM32CubeIDE_1.15.1/STM32CubeIDE/plugins/com.st.stm32cube.ide.mcu.externaltools.gnu-tools-for-stm32.13.3.rel1.win32_1.0.0.202411081344/tools/bin/../lib/gcc/arm-none-eabi/13.3.1/../../../../arm-none-eabi/lib/thumb/v8-m.main+fp/hard\libc_nano.a(libc_a-lock.o)
                0x0801165e                __retarget_lock_acquire_recursive
 .text.__retarget_lock_release_recursive
                0x08011660        0x2 C:/ST/STM32CubeIDE_1.15.1/STM32CubeIDE/plugins/com.st.stm32cube.ide.mcu.externaltools.gnu-tools-for-stm32.13.3.rel1.win32_1.0.0.202411081344/tools/bin/../lib/gcc/arm-none-eabi/13.3.1/../../../../arm-none-eabi/lib/thumb/v8-m.main+fp/hard\libc_nano.a(libc_a-lock.o)
                0x08011660                __retarget_lock_release_recursive
 .text.memchr   0x08011662       0x1c C:/ST/STM32CubeIDE_1.15.1/STM32CubeIDE/plugins/com.st.stm32cube.ide.mcu.externaltools.gnu-tools-for-stm32.13.3.rel1.win32_1.0.0.202411081344/tools/bin/../lib/gcc/arm-none-eabi/13.3.1/../../../../arm-none-eabi/lib/thumb/v8-m.main+fp/hard\libc_nano.a(libc_a-memchr-stub.o)
                0x08011662                memchr
 .text.memcpy   0x0801167e       0x1a C:/ST/STM32CubeIDE_1.15.1/STM32CubeIDE/plugins/com.st.stm32cube.ide.mcu.externaltools.gnu-tools-for-stm32.13.3.rel1.win32_1.0.0.202411081344/tools/bin/../lib/gcc/arm-none-eabi/13.3.1/../../../../arm-none-eabi/lib/thumb/v8-m.main+fp/hard\libc_nano.a(libc_a-memcpy-stub.o)
                0x0801167e                memcpy
 .text.__assert_func
                0x08011698       0x3c C:/ST/STM32CubeIDE_1.15.1/STM32CubeIDE/plugins/com.st.stm32cube.ide.mcu.externaltools.gnu-tools-for-stm32.13.3.rel1.win32_1.0.0.202411081344/tools/bin/../lib/gcc/arm-none-eabi/13.3.1/../../../../arm-none-eabi/lib/thumb/v8-m.main+fp/hard\libc_nano.a(libc_a-assert.o)
                0x08011698                __assert_func
 .text.quorem   0x080116d4      0x11a C:/ST/STM32CubeIDE_1.15.1/STM32CubeIDE/plugins/com.st.stm32cube.ide.mcu.externaltools.gnu-tools-for-stm32.13.3.rel1.win32_1.0.0.202411081344/tools/bin/../lib/gcc/arm-none-eabi/13.3.1/../../../../arm-none-eabi/lib/thumb/v8-m.main+fp/hard\libc_nano.a(libc_a-dtoa.o)
 *fill*         0x080117ee        0x2 
 .text._dtoa_r  0x080117f0      0xba4 C:/ST/STM32CubeIDE_1.15.1/STM32CubeIDE/plugins/com.st.stm32cube.ide.mcu.externaltools.gnu-tools-for-stm32.13.3.rel1.win32_1.0.0.202411081344/tools/bin/../lib/gcc/arm-none-eabi/13.3.1/../../../../arm-none-eabi/lib/thumb/v8-m.main+fp/hard\libc_nano.a(libc_a-dtoa.o)
                0x080117f0                _dtoa_r
 .text._free_r  0x08012394       0x94 C:/ST/STM32CubeIDE_1.15.1/STM32CubeIDE/plugins/com.st.stm32cube.ide.mcu.externaltools.gnu-tools-for-stm32.13.3.rel1.win32_1.0.0.202411081344/tools/bin/../lib/gcc/arm-none-eabi/13.3.1/../../../../arm-none-eabi/lib/thumb/v8-m.main+fp/hard\libc_nano.a(libc_a-freer.o)
                0x08012394                _free_r
 .text._Balloc  0x08012428       0x80 C:/ST/STM32CubeIDE_1.15.1/STM32CubeIDE/plugins/com.st.stm32cube.ide.mcu.externaltools.gnu-tools-for-stm32.13.3.rel1.win32_1.0.0.202411081344/tools/bin/../lib/gcc/arm-none-eabi/13.3.1/../../../../arm-none-eabi/lib/thumb/v8-m.main+fp/hard\libc_nano.a(libc_a-mprec.o)
                0x08012428                _Balloc
 .text._Bfree   0x080124a8       0x44 C:/ST/STM32CubeIDE_1.15.1/STM32CubeIDE/plugins/com.st.stm32cube.ide.mcu.externaltools.gnu-tools-for-stm32.13.3.rel1.win32_1.0.0.202411081344/tools/bin/../lib/gcc/arm-none-eabi/13.3.1/../../../../arm-none-eabi/lib/thumb/v8-m.main+fp/hard\libc_nano.a(libc_a-mprec.o)
                0x080124a8                _Bfree
 .text.__multadd
                0x080124ec       0x90 C:/ST/STM32CubeIDE_1.15.1/STM32CubeIDE/plugins/com.st.stm32cube.ide.mcu.externaltools.gnu-tools-for-stm32.13.3.rel1.win32_1.0.0.202411081344/tools/bin/../lib/gcc/arm-none-eabi/13.3.1/../../../../arm-none-eabi/lib/thumb/v8-m.main+fp/hard\libc_nano.a(libc_a-mprec.o)
                0x080124ec                __multadd
 .text.__hi0bits
                0x0801257c       0x3e C:/ST/STM32CubeIDE_1.15.1/STM32CubeIDE/plugins/com.st.stm32cube.ide.mcu.externaltools.gnu-tools-for-stm32.13.3.rel1.win32_1.0.0.202411081344/tools/bin/../lib/gcc/arm-none-eabi/13.3.1/../../../../arm-none-eabi/lib/thumb/v8-m.main+fp/hard\libc_nano.a(libc_a-mprec.o)
                0x0801257c                __hi0bits
 .text.__lo0bits
                0x080125ba       0x5a C:/ST/STM32CubeIDE_1.15.1/STM32CubeIDE/plugins/com.st.stm32cube.ide.mcu.externaltools.gnu-tools-for-stm32.13.3.rel1.win32_1.0.0.202411081344/tools/bin/../lib/gcc/arm-none-eabi/13.3.1/../../../../arm-none-eabi/lib/thumb/v8-m.main+fp/hard\libc_nano.a(libc_a-mprec.o)
                0x080125ba                __lo0bits
 .text.__i2b    0x08012614       0x2c C:/ST/STM32CubeIDE_1.15.1/STM32CubeIDE/plugins/com.st.stm32cube.ide.mcu.externaltools.gnu-tools-for-stm32.13.3.rel1.win32_1.0.0.202411081344/tools/bin/../lib/gcc/arm-none-eabi/13.3.1/../../../../arm-none-eabi/lib/thumb/v8-m.main+fp/hard\libc_nano.a(libc_a-mprec.o)
                0x08012614                __i2b
 .text.__multiply
                0x08012640      0x148 C:/ST/STM32CubeIDE_1.15.1/STM32CubeIDE/plugins/com.st.stm32cube.ide.mcu.externaltools.gnu-tools-for-stm32.13.3.rel1.win32_1.0.0.202411081344/tools/bin/../lib/gcc/arm-none-eabi/13.3.1/../../../../arm-none-eabi/lib/thumb/v8-m.main+fp/hard\libc_nano.a(libc_a-mprec.o)
                0x08012640                __multiply
 .text.__pow5mult
                0x08012788       0xb4 C:/ST/STM32CubeIDE_1.15.1/STM32CubeIDE/plugins/com.st.stm32cube.ide.mcu.externaltools.gnu-tools-for-stm32.13.3.rel1.win32_1.0.0.202411081344/tools/bin/../lib/gcc/arm-none-eabi/13.3.1/../../../../arm-none-eabi/lib/thumb/v8-m.main+fp/hard\libc_nano.a(libc_a-mprec.o)
                0x08012788                __pow5mult
 .text.__lshift
                0x0801283c       0xd8 C:/ST/STM32CubeIDE_1.15.1/STM32CubeIDE/plugins/com.st.stm32cube.ide.mcu.externaltools.gnu-tools-for-stm32.13.3.rel1.win32_1.0.0.202411081344/tools/bin/../lib/gcc/arm-none-eabi/13.3.1/../../../../arm-none-eabi/lib/thumb/v8-m.main+fp/hard\libc_nano.a(libc_a-mprec.o)
                0x0801283c                __lshift
 .text.__mcmp   0x08012914       0x36 C:/ST/STM32CubeIDE_1.15.1/STM32CubeIDE/plugins/com.st.stm32cube.ide.mcu.externaltools.gnu-tools-for-stm32.13.3.rel1.win32_1.0.0.202411081344/tools/bin/../lib/gcc/arm-none-eabi/13.3.1/../../../../arm-none-eabi/lib/thumb/v8-m.main+fp/hard\libc_nano.a(libc_a-mprec.o)
                0x08012914                __mcmp
 *fill*         0x0801294a        0x2 
 .text.__mdiff  0x0801294c      0x130 C:/ST/STM32CubeIDE_1.15.1/STM32CubeIDE/plugins/com.st.stm32cube.ide.mcu.externaltools.gnu-tools-for-stm32.13.3.rel1.win32_1.0.0.202411081344/tools/bin/../lib/gcc/arm-none-eabi/13.3.1/../../../../arm-none-eabi/lib/thumb/v8-m.main+fp/hard\libc_nano.a(libc_a-mprec.o)
                0x0801294c                __mdiff
 .text.__d2b    0x08012a7c       0xb0 C:/ST/STM32CubeIDE_1.15.1/STM32CubeIDE/plugins/com.st.stm32cube.ide.mcu.externaltools.gnu-tools-for-stm32.13.3.rel1.win32_1.0.0.202411081344/tools/bin/../lib/gcc/arm-none-eabi/13.3.1/../../../../arm-none-eabi/lib/thumb/v8-m.main+fp/hard\libc_nano.a(libc_a-mprec.o)
                0x08012a7c                __d2b
 .text._malloc_usable_size_r
                0x08012b2c       0x10 C:/ST/STM32CubeIDE_1.15.1/STM32CubeIDE/plugins/com.st.stm32cube.ide.mcu.externaltools.gnu-tools-for-stm32.13.3.rel1.win32_1.0.0.202411081344/tools/bin/../lib/gcc/arm-none-eabi/13.3.1/../../../../arm-none-eabi/lib/thumb/v8-m.main+fp/hard\libc_nano.a(libc_a-msizer.o)
                0x08012b2c                _malloc_usable_size_r
 .text.__ssputs_r
                0x08012b3c       0xb6 C:/ST/STM32CubeIDE_1.15.1/STM32CubeIDE/plugins/com.st.stm32cube.ide.mcu.externaltools.gnu-tools-for-stm32.13.3.rel1.win32_1.0.0.202411081344/tools/bin/../lib/gcc/arm-none-eabi/13.3.1/../../../../arm-none-eabi/lib/thumb/v8-m.main+fp/hard\libc_nano.a(libc_a-nano-svfprintf.o)
                0x08012b3c                __ssputs_r
 *fill*         0x08012bf2        0x2 
 .text._svfprintf_r
                0x08012bf4      0x1f8 C:/ST/STM32CubeIDE_1.15.1/STM32CubeIDE/plugins/com.st.stm32cube.ide.mcu.externaltools.gnu-tools-for-stm32.13.3.rel1.win32_1.0.0.202411081344/tools/bin/../lib/gcc/arm-none-eabi/13.3.1/../../../../arm-none-eabi/lib/thumb/v8-m.main+fp/hard\libc_nano.a(libc_a-nano-svfprintf.o)
                0x08012bf4                _svfiprintf_r
                0x08012bf4                _svfprintf_r
 .text.fprintf  0x08012dec       0x24 C:/ST/STM32CubeIDE_1.15.1/STM32CubeIDE/plugins/com.st.stm32cube.ide.mcu.externaltools.gnu-tools-for-stm32.13.3.rel1.win32_1.0.0.202411081344/tools/bin/../lib/gcc/arm-none-eabi/13.3.1/../../../../arm-none-eabi/lib/thumb/v8-m.main+fp/hard\libc_nano.a(libc_a-fprintf.o)
                0x08012dec                fiprintf
                0x08012dec                fprintf
 .text.memmove  0x08012e10       0x34 C:/ST/STM32CubeIDE_1.15.1/STM32CubeIDE/plugins/com.st.stm32cube.ide.mcu.externaltools.gnu-tools-for-stm32.13.3.rel1.win32_1.0.0.202411081344/tools/bin/../lib/gcc/arm-none-eabi/13.3.1/../../../../arm-none-eabi/lib/thumb/v8-m.main+fp/hard\libc_nano.a(libc_a-memmove.o)
                0x08012e10                memmove
 .text.abort    0x08012e44        0xe C:/ST/STM32CubeIDE_1.15.1/STM32CubeIDE/plugins/com.st.stm32cube.ide.mcu.externaltools.gnu-tools-for-stm32.13.3.rel1.win32_1.0.0.202411081344/tools/bin/../lib/gcc/arm-none-eabi/13.3.1/../../../../arm-none-eabi/lib/thumb/v8-m.main+fp/hard\libc_nano.a(libc_a-abort.o)
                0x08012e44                abort
 .text._calloc_r
                0x08012e52       0x28 C:/ST/STM32CubeIDE_1.15.1/STM32CubeIDE/plugins/com.st.stm32cube.ide.mcu.externaltools.gnu-tools-for-stm32.13.3.rel1.win32_1.0.0.202411081344/tools/bin/../lib/gcc/arm-none-eabi/13.3.1/../../../../arm-none-eabi/lib/thumb/v8-m.main+fp/hard\libc_nano.a(libc_a-callocr.o)
                0x08012e52                _calloc_r
 .text.__ascii_mbtowc
                0x08012e7a       0x24 C:/ST/STM32CubeIDE_1.15.1/STM32CubeIDE/plugins/com.st.stm32cube.ide.mcu.externaltools.gnu-tools-for-stm32.13.3.rel1.win32_1.0.0.202411081344/tools/bin/../lib/gcc/arm-none-eabi/13.3.1/../../../../arm-none-eabi/lib/thumb/v8-m.main+fp/hard\libc_nano.a(libc_a-mbtowc_r.o)
                0x08012e7a                __ascii_mbtowc
 .text.__ascii_wctomb
                0x08012e9e       0x1a C:/ST/STM32CubeIDE_1.15.1/STM32CubeIDE/plugins/com.st.stm32cube.ide.mcu.externaltools.gnu-tools-for-stm32.13.3.rel1.win32_1.0.0.202411081344/tools/bin/../lib/gcc/arm-none-eabi/13.3.1/../../../../arm-none-eabi/lib/thumb/v8-m.main+fp/hard\libc_nano.a(libc_a-wctomb_r.o)
                0x08012e9e                __ascii_wctomb
 .text.__sfputc_r
                0x08012eb8       0x2e C:/ST/STM32CubeIDE_1.15.1/STM32CubeIDE/plugins/com.st.stm32cube.ide.mcu.externaltools.gnu-tools-for-stm32.13.3.rel1.win32_1.0.0.202411081344/tools/bin/../lib/gcc/arm-none-eabi/13.3.1/../../../../arm-none-eabi/lib/thumb/v8-m.main+fp/hard\libc_nano.a(libc_a-nano-vfprintf.o)
 .text.__sfputs_r
                0x08012ee6       0x24 C:/ST/STM32CubeIDE_1.15.1/STM32CubeIDE/plugins/com.st.stm32cube.ide.mcu.externaltools.gnu-tools-for-stm32.13.3.rel1.win32_1.0.0.202411081344/tools/bin/../lib/gcc/arm-none-eabi/13.3.1/../../../../arm-none-eabi/lib/thumb/v8-m.main+fp/hard\libc_nano.a(libc_a-nano-vfprintf.o)
                0x08012ee6                __sfputs_r
 *fill*         0x08012f0a        0x2 
 .text._vfprintf_r
                0x08012f0c      0x230 C:/ST/STM32CubeIDE_1.15.1/STM32CubeIDE/plugins/com.st.stm32cube.ide.mcu.externaltools.gnu-tools-for-stm32.13.3.rel1.win32_1.0.0.202411081344/tools/bin/../lib/gcc/arm-none-eabi/13.3.1/../../../../arm-none-eabi/lib/thumb/v8-m.main+fp/hard\libc_nano.a(libc_a-nano-vfprintf.o)
                0x08012f0c                _vfprintf_r
                0x08012f0c                _vfiprintf_r
 .text.__swbuf_r
                0x0801313c       0x7c C:/ST/STM32CubeIDE_1.15.1/STM32CubeIDE/plugins/com.st.stm32cube.ide.mcu.externaltools.gnu-tools-for-stm32.13.3.rel1.win32_1.0.0.202411081344/tools/bin/../lib/gcc/arm-none-eabi/13.3.1/../../../../arm-none-eabi/lib/thumb/v8-m.main+fp/hard\libc_nano.a(libc_a-wbuf.o)
                0x0801313c                __swbuf_r
 .text.__swsetup_r
                0x080131b8       0xac C:/ST/STM32CubeIDE_1.15.1/STM32CubeIDE/plugins/com.st.stm32cube.ide.mcu.externaltools.gnu-tools-for-stm32.13.3.rel1.win32_1.0.0.202411081344/tools/bin/../lib/gcc/arm-none-eabi/13.3.1/../../../../arm-none-eabi/lib/thumb/v8-m.main+fp/hard\libc_nano.a(libc_a-wsetup.o)
                0x080131b8                __swsetup_r
 .text._raise_r
                0x08013264       0x50 C:/ST/STM32CubeIDE_1.15.1/STM32CubeIDE/plugins/com.st.stm32cube.ide.mcu.externaltools.gnu-tools-for-stm32.13.3.rel1.win32_1.0.0.202411081344/tools/bin/../lib/gcc/arm-none-eabi/13.3.1/../../../../arm-none-eabi/lib/thumb/v8-m.main+fp/hard\libc_nano.a(libc_a-signal.o)
                0x08013264                _raise_r
 .text.raise    0x080132b4       0x10 C:/ST/STM32CubeIDE_1.15.1/STM32CubeIDE/plugins/com.st.stm32cube.ide.mcu.externaltools.gnu-tools-for-stm32.13.3.rel1.win32_1.0.0.202411081344/tools/bin/../lib/gcc/arm-none-eabi/13.3.1/../../../../arm-none-eabi/lib/thumb/v8-m.main+fp/hard\libc_nano.a(libc_a-signal.o)
                0x080132b4                raise
 .text._kill_r  0x080132c4       0x24 C:/ST/STM32CubeIDE_1.15.1/STM32CubeIDE/plugins/com.st.stm32cube.ide.mcu.externaltools.gnu-tools-for-stm32.13.3.rel1.win32_1.0.0.202411081344/tools/bin/../lib/gcc/arm-none-eabi/13.3.1/../../../../arm-none-eabi/lib/thumb/v8-m.main+fp/hard\libc_nano.a(libc_a-signalr.o)
                0x080132c4                _kill_r
 .text._getpid_r
                0x080132e8        0x4 C:/ST/STM32CubeIDE_1.15.1/STM32CubeIDE/plugins/com.st.stm32cube.ide.mcu.externaltools.gnu-tools-for-stm32.13.3.rel1.win32_1.0.0.202411081344/tools/bin/../lib/gcc/arm-none-eabi/13.3.1/../../../../arm-none-eabi/lib/thumb/v8-m.main+fp/hard\libc_nano.a(libc_a-signalr.o)
                0x080132e8                _getpid_r
 .text.__swhatbuf_r
                0x080132ec       0x4a C:/ST/STM32CubeIDE_1.15.1/STM32CubeIDE/plugins/com.st.stm32cube.ide.mcu.externaltools.gnu-tools-for-stm32.13.3.rel1.win32_1.0.0.202411081344/tools/bin/../lib/gcc/arm-none-eabi/13.3.1/../../../../arm-none-eabi/lib/thumb/v8-m.main+fp/hard\libc_nano.a(libc_a-makebuf.o)
                0x080132ec                __swhatbuf_r
 .text.__smakebuf_r
                0x08013336       0x78 C:/ST/STM32CubeIDE_1.15.1/STM32CubeIDE/plugins/com.st.stm32cube.ide.mcu.externaltools.gnu-tools-for-stm32.13.3.rel1.win32_1.0.0.202411081344/tools/bin/../lib/gcc/arm-none-eabi/13.3.1/../../../../arm-none-eabi/lib/thumb/v8-m.main+fp/hard\libc_nano.a(libc_a-makebuf.o)
                0x08013336                __smakebuf_r
 *fill*         0x080133ae        0x2 
 .text._fstat_r
                0x080133b0       0x24 C:/ST/STM32CubeIDE_1.15.1/STM32CubeIDE/plugins/com.st.stm32cube.ide.mcu.externaltools.gnu-tools-for-stm32.13.3.rel1.win32_1.0.0.202411081344/tools/bin/../lib/gcc/arm-none-eabi/13.3.1/../../../../arm-none-eabi/lib/thumb/v8-m.main+fp/hard\libc_nano.a(libc_a-fstatr.o)
                0x080133b0                _fstat_r
 .text._isatty_r
                0x080133d4       0x20 C:/ST/STM32CubeIDE_1.15.1/STM32CubeIDE/plugins/com.st.stm32cube.ide.mcu.externaltools.gnu-tools-for-stm32.13.3.rel1.win32_1.0.0.202411081344/tools/bin/../lib/gcc/arm-none-eabi/13.3.1/../../../../arm-none-eabi/lib/thumb/v8-m.main+fp/hard\libc_nano.a(libc_a-isattyr.o)
                0x080133d4                _isatty_r
 .text.sqrtf    0x080133f4       0x3c C:/ST/STM32CubeIDE_1.15.1/STM32CubeIDE/plugins/com.st.stm32cube.ide.mcu.externaltools.gnu-tools-for-stm32.13.3.rel1.win32_1.0.0.202411081344/tools/bin/../lib/gcc/arm-none-eabi/13.3.1/../../../../arm-none-eabi/lib/thumb/v8-m.main+fp/hard\libm.a(libm_a-wf_sqrt.o)
                0x080133f4                sqrtf
 .text.__ieee754_sqrtf
                0x08013430        0x6 C:/ST/STM32CubeIDE_1.15.1/STM32CubeIDE/plugins/com.st.stm32cube.ide.mcu.externaltools.gnu-tools-for-stm32.13.3.rel1.win32_1.0.0.202411081344/tools/bin/../lib/gcc/arm-none-eabi/13.3.1/../../../../arm-none-eabi/lib/thumb/v8-m.main+fp/hard\libm.a(libm_a-ef_sqrt.o)
                0x08013430                __ieee754_sqrtf
 *(.glue_7)
 .glue_7        0x08013436        0x0 linker stubs
 *(.glue_7t)
 .glue_7t       0x08013436        0x0 linker stubs
 *(.eh_frame)
 *fill*         0x08013436        0x2 
 .eh_frame      0x08013438        0x0 C:/ST/STM32CubeIDE_1.15.1/STM32CubeIDE/plugins/com.st.stm32cube.ide.mcu.externaltools.gnu-tools-for-stm32.13.3.rel1.win32_1.0.0.202411081344/tools/bin/../lib/gcc/arm-none-eabi/13.3.1/thumb/v8-m.main+fp/hard/crtbegin.o
 *(.init)
 .init          0x08013438        0x4 C:/ST/STM32CubeIDE_1.15.1/STM32CubeIDE/plugins/com.st.stm32cube.ide.mcu.externaltools.gnu-tools-for-stm32.13.3.rel1.win32_1.0.0.202411081344/tools/bin/../lib/gcc/arm-none-eabi/13.3.1/thumb/v8-m.main+fp/hard/crti.o
                0x08013438                _init
 .init          0x0801343c        0x8 C:/ST/STM32CubeIDE_1.15.1/STM32CubeIDE/plugins/com.st.stm32cube.ide.mcu.externaltools.gnu-tools-for-stm32.13.3.rel1.win32_1.0.0.202411081344/tools/bin/../lib/gcc/arm-none-eabi/13.3.1/thumb/v8-m.main+fp/hard/crtn.o
 *(.fini)
 .fini          0x08013444        0x4 C:/ST/STM32CubeIDE_1.15.1/STM32CubeIDE/plugins/com.st.stm32cube.ide.mcu.externaltools.gnu-tools-for-stm32.13.3.rel1.win32_1.0.0.202411081344/tools/bin/../lib/gcc/arm-none-eabi/13.3.1/thumb/v8-m.main+fp/hard/crti.o
                0x08013444                _fini
 .fini          0x08013448        0x8 C:/ST/STM32CubeIDE_1.15.1/STM32CubeIDE/plugins/com.st.stm32cube.ide.mcu.externaltools.gnu-tools-for-stm32.13.3.rel1.win32_1.0.0.202411081344/tools/bin/../lib/gcc/arm-none-eabi/13.3.1/thumb/v8-m.main+fp/hard/crtn.o
                0x08013450                        . = ALIGN (0x4)
                0x08013450                        _etext = .

.vfp11_veneer   0x08013450        0x0
 .vfp11_veneer  0x08013450        0x0 linker stubs

.v4_bx          0x08013450        0x0
 .v4_bx         0x08013450        0x0 linker stubs

.iplt           0x08013450        0x0
 .iplt          0x08013450        0x0 C:/ST/STM32CubeIDE_1.15.1/STM32CubeIDE/plugins/com.st.stm32cube.ide.mcu.externaltools.gnu-tools-for-stm32.13.3.rel1.win32_1.0.0.202411081344/tools/bin/../lib/gcc/arm-none-eabi/13.3.1/thumb/v8-m.main+fp/hard/crtbegin.o

.rodata         0x08013450    0x1d950
                0x08013450                        . = ALIGN (0x4)
 *(.rodata)
 .rodata        0x08013450      0x133 ./Core/Src/main.o
 *(.rodata*)
 *fill*         0x08013583        0x1 
 .rodata.AHBPrescTable
                0x08013584       0x10 ./Core/Src/system_stm32h5xx.o
                0x08013584                AHBPrescTable
 .rodata.APBPrescTable
                0x08013594        0x8 ./Core/Src/system_stm32h5xx.o
                0x08013594                APBPrescTable
 .rodata.UARTPrescTable
                0x0801359c       0x18 ./Drivers/STM32H5xx_HAL_Driver/stm32h5xx_hal_uart.o
                0x0801359c                UARTPrescTable
 .rodata.numerator.1
                0x080135b4        0x8 ./Drivers/STM32H5xx_HAL_Driver/stm32h5xx_hal_uart_ex.o
 .rodata.denominator.0
                0x080135bc        0x8 ./Drivers/STM32H5xx_HAL_Driver/stm32h5xx_hal_uart_ex.o
 .rodata.armBitRevIndexTable1024
                0x080135c4      0xe10 C:/Users/nicek/STM32Cube/Repository/Packs/STMicroelectronics/X-CUBE-ALGOBUILD/1.4.0/Middlewares/Third_Party/ARM/DSP/Lib\libarm_ARMv8MMLlfsp_math.a(arm_common_tables.o)
                0x080135c4                armBitRevIndexTable1024
 .rodata.armBitRevIndexTable128
                0x080143d4      0x1a0 C:/Users/nicek/STM32Cube/Repository/Packs/STMicroelectronics/X-CUBE-ALGOBUILD/1.4.0/Middlewares/Third_Party/ARM/DSP/Lib\libarm_ARMv8MMLlfsp_math.a(arm_common_tables.o)
                0x080143d4                armBitRevIndexTable128
 .rodata.armBitRevIndexTable16
                0x08014574       0x28 C:/Users/nicek/STM32Cube/Repository/Packs/STMicroelectronics/X-CUBE-ALGOBUILD/1.4.0/Middlewares/Third_Party/ARM/DSP/Lib\libarm_ARMv8MMLlfsp_math.a(arm_common_tables.o)
                0x08014574                armBitRevIndexTable16
 .rodata.armBitRevIndexTable2048
                0x0801459c     0x1dc0 C:/Users/nicek/STM32Cube/Repository/Packs/STMicroelectronics/X-CUBE-ALGOBUILD/1.4.0/Middlewares/Third_Party/ARM/DSP/Lib\libarm_ARMv8MMLlfsp_math.a(arm_common_tables.o)
                0x0801459c                armBitRevIndexTable2048
 .rodata.armBitRevIndexTable256
                0x0801635c      0x370 C:/Users/nicek/STM32Cube/Repository/Packs/STMicroelectronics/X-CUBE-ALGOBUILD/1.4.0/Middlewares/Third_Party/ARM/DSP/Lib\libarm_ARMv8MMLlfsp_math.a(arm_common_tables.o)
                0x0801635c                armBitRevIndexTable256
 .rodata.armBitRevIndexTable32
                0x080166cc       0x60 C:/Users/nicek/STM32Cube/Repository/Packs/STMicroelectronics/X-CUBE-ALGOBUILD/1.4.0/Middlewares/Third_Party/ARM/DSP/Lib\libarm_ARMv8MMLlfsp_math.a(arm_common_tables.o)
                0x080166cc                armBitRevIndexTable32
 .rodata.armBitRevIndexTable4096
                0x0801672c     0x1f80 C:/Users/nicek/STM32Cube/Repository/Packs/STMicroelectronics/X-CUBE-ALGOBUILD/1.4.0/Middlewares/Third_Party/ARM/DSP/Lib\libarm_ARMv8MMLlfsp_math.a(arm_common_tables.o)
                0x0801672c                armBitRevIndexTable4096
 .rodata.armBitRevIndexTable512
                0x080186ac      0x380 C:/Users/nicek/STM32Cube/Repository/Packs/STMicroelectronics/X-CUBE-ALGOBUILD/1.4.0/Middlewares/Third_Party/ARM/DSP/Lib\libarm_ARMv8MMLlfsp_math.a(arm_common_tables.o)
                0x080186ac                armBitRevIndexTable512
 .rodata.armBitRevIndexTable64
                0x08018a2c       0x70 C:/Users/nicek/STM32Cube/Repository/Packs/STMicroelectronics/X-CUBE-ALGOBUILD/1.4.0/Middlewares/Third_Party/ARM/DSP/Lib\libarm_ARMv8MMLlfsp_math.a(arm_common_tables.o)
                0x08018a2c                armBitRevIndexTable64
 .rodata.twiddleCoef_1024
                0x08018a9c     0x2000 C:/Users/nicek/STM32Cube/Repository/Packs/STMicroelectronics/X-CUBE-ALGOBUILD/1.4.0/Middlewares/Third_Party/ARM/DSP/Lib\libarm_ARMv8MMLlfsp_math.a(arm_common_tables.o)
                0x08018a9c                twiddleCoef_1024
 .rodata.twiddleCoef_128
                0x0801aa9c      0x400 C:/Users/nicek/STM32Cube/Repository/Packs/STMicroelectronics/X-CUBE-ALGOBUILD/1.4.0/Middlewares/Third_Party/ARM/DSP/Lib\libarm_ARMv8MMLlfsp_math.a(arm_common_tables.o)
                0x0801aa9c                twiddleCoef_128
 .rodata.twiddleCoef_16
                0x0801ae9c       0x80 C:/Users/nicek/STM32Cube/Repository/Packs/STMicroelectronics/X-CUBE-ALGOBUILD/1.4.0/Middlewares/Third_Party/ARM/DSP/Lib\libarm_ARMv8MMLlfsp_math.a(arm_common_tables.o)
                0x0801ae9c                twiddleCoef_16
 .rodata.twiddleCoef_2048
                0x0801af1c     0x4000 C:/Users/nicek/STM32Cube/Repository/Packs/STMicroelectronics/X-CUBE-ALGOBUILD/1.4.0/Middlewares/Third_Party/ARM/DSP/Lib\libarm_ARMv8MMLlfsp_math.a(arm_common_tables.o)
                0x0801af1c                twiddleCoef_2048
 .rodata.twiddleCoef_256
                0x0801ef1c      0x800 C:/Users/nicek/STM32Cube/Repository/Packs/STMicroelectronics/X-CUBE-ALGOBUILD/1.4.0/Middlewares/Third_Party/ARM/DSP/Lib\libarm_ARMv8MMLlfsp_math.a(arm_common_tables.o)
                0x0801ef1c                twiddleCoef_256
 .rodata.twiddleCoef_32
                0x0801f71c      0x100 C:/Users/nicek/STM32Cube/Repository/Packs/STMicroelectronics/X-CUBE-ALGOBUILD/1.4.0/Middlewares/Third_Party/ARM/DSP/Lib\libarm_ARMv8MMLlfsp_math.a(arm_common_tables.o)
                0x0801f71c                twiddleCoef_32
 .rodata.twiddleCoef_4096