../Core/Src/main.c:280:5:__io_putchar	16	static
../Core/Src/main.c:298:20:PA12_toggle_soft	8	static
../Core/Src/main.c:362:6:HAL_UART_RxCpltCallback	32	static
../Core/Src/main.c:495:6:ADC1_Start_Regular_IN18_IT	8	static
../Core/Src/main.c:503:6:HAL_ADC_ConvCpltCallback	24	static
../Core/Src/main.c:537:6:Print_FFT_Summary	160	static
../Core/Src/main.c:553:6:Process_Ultra_Frame_Then_VI	200	static,ignoring_inline_asm
../Core/Src/main.c:585:6:send_one_measurement	152	static
../Core/Src/main.c:606:6:PrintReceivedPacket	344	static
../Core/Src/main.c:630:9:calc_checksum	24	static
../Core/Src/main.c:642:5:main	48	static,ignoring_inline_asm
../Core/Src/main.c:731:6:SystemClock_Config	120	static
../Core/Src/main.c:792:13:MX_ADC1_Init	104	static
../Core/Src/main.c:887:13:MX_RTC_Init	64	static
../Core/Src/main.c:968:13:MX_TIM2_Init	40	static
../Core/Src/main.c:1013:13:MX_USART1_UART_Init	8	static
../Core/Src/main.c:1061:13:MX_USART2_UART_Init	8	static
../Core/Src/main.c:1109:13:MX_USART6_UART_Init	8	static
../Core/Src/main.c:1157:13:MX_GPIO_Init	48	static
../Core/Src/main.c:1236:6:Vac_Ctrl	8	static
../Core/Src/main.c:1240:6:Read_UID	4	static
../Core/Src/main.c:1247:6:Format_UID	24	static
../Core/Src/main.c:1259:10:Get_Device_ID	4	static
../Core/Src/main.c:1263:10:Read_ADC_Channel	56	static
../Core/Src/main.c:1287:7:Convert_Voltage_ADC	24	static
../Core/Src/main.c:1293:7:Convert_Voltage_To_Current	24	static
../Core/Src/main.c:1299:6:Print_Voltage_Current	144	static
../Core/Src/main.c:1333:6:startADCInterrupt	8	static
../Core/Src/main.c:1339:6:ExtractFullFFT	40	static
../Core/Src/main.c:1365:6:Query_MID_From_WiSUN	16	static
../Core/Src/main.c:1371:6:Parse_AT_Response	80	static
../Core/Src/main.c:1386:6:Ultra_StartSampling	8	static
../Core/Src/main.c:1393:6:Ultra_ResumeNextFrame	8	static
../Core/Src/main.c:1469:6:StreetLight_ToggleTask	16	static
../Core/Src/main.c:1502:6:Error_Handler	8	static,ignoring_inline_asm
